Archive member included because of file (symbol)

/Applications/ti/ccsv6/tools/compiler/gcc-arm-none-eabi-4_9-2015q3/bin/../lib/gcc/arm-none-eabi/4.9.3/../../../../arm-none-eabi/lib/armv7e-m/fpu/libc.a(lib_a-exit.o)
                              /Applications/ti/ccsv6/tools/compiler/gcc-arm-none-eabi-4_9-2015q3/bin/../lib/gcc/arm-none-eabi/4.9.3/../../../../arm-none-eabi/lib/armv7e-m/fpu/crt0.o (exit)
/Applications/ti/ccsv6/tools/compiler/gcc-arm-none-eabi-4_9-2015q3/bin/../lib/gcc/arm-none-eabi/4.9.3/../../../../arm-none-eabi/lib/armv7e-m/fpu/libc.a(lib_a-impure.o)
                              /Applications/ti/ccsv6/tools/compiler/gcc-arm-none-eabi-4_9-2015q3/bin/../lib/gcc/arm-none-eabi/4.9.3/../../../../arm-none-eabi/lib/armv7e-m/fpu/libc.a(lib_a-exit.o) (_global_impure_ptr)
/Applications/ti/ccsv6/tools/compiler/gcc-arm-none-eabi-4_9-2015q3/bin/../lib/gcc/arm-none-eabi/4.9.3/../../../../arm-none-eabi/lib/armv7e-m/fpu/libc.a(lib_a-init.o)
                              /Applications/ti/ccsv6/tools/compiler/gcc-arm-none-eabi-4_9-2015q3/bin/../lib/gcc/arm-none-eabi/4.9.3/../../../../arm-none-eabi/lib/armv7e-m/fpu/crt0.o (__libc_init_array)
/Applications/ti/ccsv6/tools/compiler/gcc-arm-none-eabi-4_9-2015q3/bin/../lib/gcc/arm-none-eabi/4.9.3/../../../../arm-none-eabi/lib/armv7e-m/fpu/libc.a(lib_a-memset.o)
                              /Applications/ti/ccsv6/tools/compiler/gcc-arm-none-eabi-4_9-2015q3/bin/../lib/gcc/arm-none-eabi/4.9.3/../../../../arm-none-eabi/lib/armv7e-m/fpu/crt0.o (memset)
/Applications/ti/ccsv6/tools/compiler/gcc-arm-none-eabi-4_9-2015q3/bin/../lib/gcc/arm-none-eabi/4.9.3/../../../../arm-none-eabi/lib/armv7e-m/fpu/libc.a(lib_a-__call_atexit.o)
                              /Applications/ti/ccsv6/tools/compiler/gcc-arm-none-eabi-4_9-2015q3/bin/../lib/gcc/arm-none-eabi/4.9.3/../../../../arm-none-eabi/lib/armv7e-m/fpu/libc.a(lib_a-exit.o) (__call_exitprocs)
/Applications/ti/ccsv6/tools/compiler/gcc-arm-none-eabi-4_9-2015q3/bin/../lib/gcc/arm-none-eabi/4.9.3/../../../../arm-none-eabi/lib/armv7e-m/fpu/libc.a(lib_a-atexit.o)
                              /Applications/ti/ccsv6/tools/compiler/gcc-arm-none-eabi-4_9-2015q3/bin/../lib/gcc/arm-none-eabi/4.9.3/../../../../arm-none-eabi/lib/armv7e-m/fpu/libc.a(lib_a-__call_atexit.o) (atexit)
/Applications/ti/ccsv6/tools/compiler/gcc-arm-none-eabi-4_9-2015q3/bin/../lib/gcc/arm-none-eabi/4.9.3/../../../../arm-none-eabi/lib/armv7e-m/fpu/libc.a(lib_a-fini.o)
                              /Applications/ti/ccsv6/tools/compiler/gcc-arm-none-eabi-4_9-2015q3/bin/../lib/gcc/arm-none-eabi/4.9.3/../../../../arm-none-eabi/lib/armv7e-m/fpu/libc.a(lib_a-__call_atexit.o) (__libc_fini_array)
/Applications/ti/ccsv6/tools/compiler/gcc-arm-none-eabi-4_9-2015q3/bin/../lib/gcc/arm-none-eabi/4.9.3/../../../../arm-none-eabi/lib/armv7e-m/fpu/libc.a(lib_a-__atexit.o)
                              /Applications/ti/ccsv6/tools/compiler/gcc-arm-none-eabi-4_9-2015q3/bin/../lib/gcc/arm-none-eabi/4.9.3/../../../../arm-none-eabi/lib/armv7e-m/fpu/libc.a(lib_a-atexit.o) (__register_exitproc)
/Applications/ti/ccsv6/tools/compiler/gcc-arm-none-eabi-4_9-2015q3/bin/../lib/gcc/arm-none-eabi/4.9.3/../../../../arm-none-eabi/lib/armv7e-m/fpu/libnosys.a(_exit.o)
                              /Applications/ti/ccsv6/tools/compiler/gcc-arm-none-eabi-4_9-2015q3/bin/../lib/gcc/arm-none-eabi/4.9.3/../../../../arm-none-eabi/lib/armv7e-m/fpu/libc.a(lib_a-exit.o) (_exit)

Allocating common symbols
Common symbol       size              file

ssi2_status         0x1               ./hal/SPID.o
UDMA_ssi2_app_rx_data
                    0x1fe             ./main.o

Memory Configuration

Name             Origin             Length             Attributes
FLASH            0x0000000000000000 0x0000000000040000 xr
SRAM             0x0000000020000000 0x0000000000008000 xw
*default*        0x0000000000000000 0xffffffffffffffff

Linker script and memory map

LOAD /Applications/ti/ccsv6/tools/compiler/gcc-arm-none-eabi-4_9-2015q3/bin/../lib/gcc/arm-none-eabi/4.9.3/armv7e-m/fpu/crti.o
LOAD /Applications/ti/ccsv6/tools/compiler/gcc-arm-none-eabi-4_9-2015q3/bin/../lib/gcc/arm-none-eabi/4.9.3/armv7e-m/fpu/crtbegin.o
LOAD /Applications/ti/ccsv6/tools/compiler/gcc-arm-none-eabi-4_9-2015q3/bin/../lib/gcc/arm-none-eabi/4.9.3/../../../../arm-none-eabi/lib/armv7e-m/fpu/crt0.o
LOAD ./main.o
LOAD ./tm4c123gh6pm_startup_ccs_gcc.o
LOAD ./ERRH/ERRH.o
LOAD ./cmsis/cmsis_nvic.o
LOAD ./cmsis/system_LM4F.o
LOAD ./hal/SPID.o
LOAD ./hal/TIMD.o
LOAD ./hal/uDMA.o
                0x0000000000000000                PROVIDE (_intvecs_base_address, 0x0)

.intvecs        0x0000000000000000      0x26c
 *(.intvecs)
 .intvecs       0x0000000000000000      0x26c ./tm4c123gh6pm_startup_ccs_gcc.o
                0x0000000000000000                g_pfnVectors
                0x0000000020000000                PROVIDE (_vtable_base_address, 0x20000000)

.vtable
 *(.vtable)

.text           0x000000000000026c      0xfc8
 CREATE_OBJECT_SYMBOLS
 *(.text)
 .text          0x000000000000026c        0x0 /Applications/ti/ccsv6/tools/compiler/gcc-arm-none-eabi-4_9-2015q3/bin/../lib/gcc/arm-none-eabi/4.9.3/armv7e-m/fpu/crti.o
 .text          0x000000000000026c       0x5c /Applications/ti/ccsv6/tools/compiler/gcc-arm-none-eabi-4_9-2015q3/bin/../lib/gcc/arm-none-eabi/4.9.3/armv7e-m/fpu/crtbegin.o
 .text          0x00000000000002c8       0x74 /Applications/ti/ccsv6/tools/compiler/gcc-arm-none-eabi-4_9-2015q3/bin/../lib/gcc/arm-none-eabi/4.9.3/../../../../arm-none-eabi/lib/armv7e-m/fpu/crt0.o
                0x00000000000002c8                _mainCRTStartup
                0x00000000000002c8                _start
 .text          0x000000000000033c        0x0 ./main.o
 .text          0x000000000000033c        0x0 ./tm4c123gh6pm_startup_ccs_gcc.o
 .text          0x000000000000033c        0x0 ./ERRH/ERRH.o
 .text          0x000000000000033c        0x0 ./cmsis/cmsis_nvic.o
 .text          0x000000000000033c        0x0 ./cmsis/system_LM4F.o
 .text          0x000000000000033c        0x0 ./hal/SPID.o
 .text          0x000000000000033c        0x0 ./hal/TIMD.o
 .text          0x000000000000033c        0x0 ./hal/uDMA.o
 .text          0x000000000000033c        0x0 /Applications/ti/ccsv6/tools/compiler/gcc-arm-none-eabi-4_9-2015q3/bin/../lib/gcc/arm-none-eabi/4.9.3/../../../../arm-none-eabi/lib/armv7e-m/fpu/libc.a(lib_a-exit.o)
 .text          0x000000000000033c        0x0 /Applications/ti/ccsv6/tools/compiler/gcc-arm-none-eabi-4_9-2015q3/bin/../lib/gcc/arm-none-eabi/4.9.3/../../../../arm-none-eabi/lib/armv7e-m/fpu/libc.a(lib_a-impure.o)
 .text          0x000000000000033c        0x0 /Applications/ti/ccsv6/tools/compiler/gcc-arm-none-eabi-4_9-2015q3/bin/../lib/gcc/arm-none-eabi/4.9.3/../../../../arm-none-eabi/lib/armv7e-m/fpu/libc.a(lib_a-init.o)
 .text          0x000000000000033c        0x0 /Applications/ti/ccsv6/tools/compiler/gcc-arm-none-eabi-4_9-2015q3/bin/../lib/gcc/arm-none-eabi/4.9.3/../../../../arm-none-eabi/lib/armv7e-m/fpu/libc.a(lib_a-memset.o)
 .text          0x000000000000033c        0x0 /Applications/ti/ccsv6/tools/compiler/gcc-arm-none-eabi-4_9-2015q3/bin/../lib/gcc/arm-none-eabi/4.9.3/../../../../arm-none-eabi/lib/armv7e-m/fpu/libc.a(lib_a-__call_atexit.o)
 .text          0x000000000000033c        0x0 /Applications/ti/ccsv6/tools/compiler/gcc-arm-none-eabi-4_9-2015q3/bin/../lib/gcc/arm-none-eabi/4.9.3/../../../../arm-none-eabi/lib/armv7e-m/fpu/libc.a(lib_a-atexit.o)
 .text          0x000000000000033c        0x0 /Applications/ti/ccsv6/tools/compiler/gcc-arm-none-eabi-4_9-2015q3/bin/../lib/gcc/arm-none-eabi/4.9.3/../../../../arm-none-eabi/lib/armv7e-m/fpu/libc.a(lib_a-fini.o)
 .text          0x000000000000033c        0x0 /Applications/ti/ccsv6/tools/compiler/gcc-arm-none-eabi-4_9-2015q3/bin/../lib/gcc/arm-none-eabi/4.9.3/../../../../arm-none-eabi/lib/armv7e-m/fpu/libc.a(lib_a-__atexit.o)
 .text          0x000000000000033c        0x0 /Applications/ti/ccsv6/tools/compiler/gcc-arm-none-eabi-4_9-2015q3/bin/../lib/gcc/arm-none-eabi/4.9.3/../../../../arm-none-eabi/lib/armv7e-m/fpu/libnosys.a(_exit.o)
 .text          0x000000000000033c        0x0 /Applications/ti/ccsv6/tools/compiler/gcc-arm-none-eabi-4_9-2015q3/bin/../lib/gcc/arm-none-eabi/4.9.3/armv7e-m/fpu/crtend.o
 .text          0x000000000000033c        0x0 /Applications/ti/ccsv6/tools/compiler/gcc-arm-none-eabi-4_9-2015q3/bin/../lib/gcc/arm-none-eabi/4.9.3/armv7e-m/fpu/crtn.o
 *(.text.*)
 .text.main     0x000000000000033c       0xbc ./main.o
                0x000000000000033c                main
 .text.ResetISR
                0x00000000000003f8       0x6c ./tm4c123gh6pm_startup_ccs_gcc.o
                0x00000000000003f8                ResetISR
 .text.NmiSR    0x0000000000000464        0x8 ./tm4c123gh6pm_startup_ccs_gcc.o
 .text.FaultISR
                0x000000000000046c        0x8 ./tm4c123gh6pm_startup_ccs_gcc.o
 .text.IntDefaultHandler
                0x0000000000000474        0x8 ./tm4c123gh6pm_startup_ccs_gcc.o
 .text.NVIC_SetVector
                0x000000000000047c       0x70 ./cmsis/cmsis_nvic.o
                0x000000000000047c                NVIC_SetVector
 .text.NVIC_GetVector
                0x00000000000004ec       0x30 ./cmsis/cmsis_nvic.o
                0x00000000000004ec                NVIC_GetVector
 .text.getOscClk
                0x000000000000051c      0x198 ./cmsis/system_LM4F.o
 .text.SystemCoreClockUpdate
                0x00000000000006b4      0x114 ./cmsis/system_LM4F.o
                0x00000000000006b4                SystemCoreClockUpdate
 .text.SystemInit
                0x00000000000007c8       0xb8 ./cmsis/system_LM4F.o
                0x00000000000007c8                SystemInit
 .text.SSI2Init
                0x0000000000000880       0xb4 ./hal/SPID.o
 .text.SPID_Init
                0x0000000000000934       0xb0 ./hal/SPID.o
                0x0000000000000934                SPID_Init
 .text.SPID_Enable
                0x00000000000009e4       0x40 ./hal/SPID.o
                0x00000000000009e4                SPID_Enable
 .text.SPID_Disable
                0x0000000000000a24       0x40 ./hal/SPID.o
                0x0000000000000a24                SPID_Disable
 .text.SPID_GetEnabledSPI
                0x0000000000000a64       0x18 ./hal/SPID.o
                0x0000000000000a64                SPID_GetEnabledSPI
 .text.SPID_SSI2SendData
                0x0000000000000a7c       0x3c ./hal/SPID.o
                0x0000000000000a7c                SPID_SSI2SendData
 .text.SPID_SSI2ReceiveData
                0x0000000000000ab8       0x30 ./hal/SPID.o
                0x0000000000000ab8                SPID_SSI2ReceiveData
 .text.SPID_GetSSI2Status
                0x0000000000000ae8       0x84 ./hal/SPID.o
                0x0000000000000ae8                SPID_GetSSI2Status
 .text.SSI2DMAConfiguration
                0x0000000000000b6c       0xbc ./hal/uDMA.o
 .text.CfgDMAChSrcAdd
                0x0000000000000c28       0x28 ./hal/uDMA.o
 .text.CfgDMAChDesAdd
                0x0000000000000c50       0x28 ./hal/uDMA.o
 .text.CfgDMAChContrWrd
                0x0000000000000c78       0x28 ./hal/uDMA.o
 .text.UDMA_Init
                0x0000000000000ca0        0xc ./hal/uDMA.o
                0x0000000000000ca0                UDMA_Init
 .text.UDMA_SetChSwRqt
                0x0000000000000cac       0x24 ./hal/uDMA.o
                0x0000000000000cac                UDMA_SetChSwRqt
 .text.UDMA_GetStatus
                0x0000000000000cd0       0xa4 ./hal/uDMA.o
                0x0000000000000cd0                UDMA_GetStatus
 .text.UDMA_GetWaitOnRqtStatus
                0x0000000000000d74       0x18 ./hal/uDMA.o
                0x0000000000000d74                UDMA_GetWaitOnRqtStatus
 .text.UDMA_SetSSI2TxData
                0x0000000000000d8c       0x40 ./hal/uDMA.o
                0x0000000000000d8c                UDMA_SetSSI2TxData
 .text.UDMA_UpdateSSI2RxData
                0x0000000000000dcc       0x3c ./hal/uDMA.o
                0x0000000000000dcc                UDMA_UpdateSSI2RxData
 .text.UDMA_EnableAgain
                0x0000000000000e08       0x34 ./hal/uDMA.o
                0x0000000000000e08                UDMA_EnableAgain
 .text.UDMA_RxTransferSize
                0x0000000000000e3c       0x68 ./hal/uDMA.o
                0x0000000000000e3c                UDMA_RxTransferSize
 .text.UDMA_TxTransferSize
                0x0000000000000ea4       0x68 ./hal/uDMA.o
                0x0000000000000ea4                UDMA_TxTransferSize
 .text.UDMA_GetTxTransferSize
                0x0000000000000f0c       0x18 ./hal/uDMA.o
                0x0000000000000f0c                UDMA_GetTxTransferSize
 .text.UDMA_GetRxTransferSize
                0x0000000000000f24       0x18 ./hal/uDMA.o
                0x0000000000000f24                UDMA_GetRxTransferSize
 .text.exit     0x0000000000000f3c       0x20 /Applications/ti/ccsv6/tools/compiler/gcc-arm-none-eabi-4_9-2015q3/bin/../lib/gcc/arm-none-eabi/4.9.3/../../../../arm-none-eabi/lib/armv7e-m/fpu/libc.a(lib_a-exit.o)
                0x0000000000000f3c                exit
 .text.__libc_init_array
                0x0000000000000f5c       0x50 /Applications/ti/ccsv6/tools/compiler/gcc-arm-none-eabi-4_9-2015q3/bin/../lib/gcc/arm-none-eabi/4.9.3/../../../../arm-none-eabi/lib/armv7e-m/fpu/libc.a(lib_a-init.o)
                0x0000000000000f5c                __libc_init_array
 .text.memset   0x0000000000000fac       0x9c /Applications/ti/ccsv6/tools/compiler/gcc-arm-none-eabi-4_9-2015q3/bin/../lib/gcc/arm-none-eabi/4.9.3/../../../../arm-none-eabi/lib/armv7e-m/fpu/libc.a(lib_a-memset.o)
                0x0000000000000fac                memset
 .text.startup.register_fini
                0x0000000000001048       0x14 /Applications/ti/ccsv6/tools/compiler/gcc-arm-none-eabi-4_9-2015q3/bin/../lib/gcc/arm-none-eabi/4.9.3/../../../../arm-none-eabi/lib/armv7e-m/fpu/libc.a(lib_a-__call_atexit.o)
 .text.__call_exitprocs
                0x000000000000105c       0xd4 /Applications/ti/ccsv6/tools/compiler/gcc-arm-none-eabi-4_9-2015q3/bin/../lib/gcc/arm-none-eabi/4.9.3/../../../../arm-none-eabi/lib/armv7e-m/fpu/libc.a(lib_a-__call_atexit.o)
                0x000000000000105c                __call_exitprocs
 .text.atexit   0x0000000000001130        0xc /Applications/ti/ccsv6/tools/compiler/gcc-arm-none-eabi-4_9-2015q3/bin/../lib/gcc/arm-none-eabi/4.9.3/../../../../arm-none-eabi/lib/armv7e-m/fpu/libc.a(lib_a-atexit.o)
                0x0000000000001130                atexit
 .text.__libc_fini_array
                0x000000000000113c       0x2c /Applications/ti/ccsv6/tools/compiler/gcc-arm-none-eabi-4_9-2015q3/bin/../lib/gcc/arm-none-eabi/4.9.3/../../../../arm-none-eabi/lib/armv7e-m/fpu/libc.a(lib_a-fini.o)
                0x000000000000113c                __libc_fini_array
 .text.__register_exitproc
                0x0000000000001168       0xa4 /Applications/ti/ccsv6/tools/compiler/gcc-arm-none-eabi-4_9-2015q3/bin/../lib/gcc/arm-none-eabi/4.9.3/../../../../arm-none-eabi/lib/armv7e-m/fpu/libc.a(lib_a-__atexit.o)
                0x0000000000001168                __register_exitproc
 .text._exit    0x000000000000120c        0x4 /Applications/ti/ccsv6/tools/compiler/gcc-arm-none-eabi-4_9-2015q3/bin/../lib/gcc/arm-none-eabi/4.9.3/../../../../arm-none-eabi/lib/armv7e-m/fpu/libnosys.a(_exit.o)
                0x000000000000120c                _exit
                0x0000000000001210                . = ALIGN (0x4)
 *(.ctors)
                0x0000000000001210                . = ALIGN (0x4)
 *(.dtors)
                0x0000000000001210                . = ALIGN (0x4)
                0x0000000000001210                __init_array_start = .
 *(.init_array*)
 .init_array    0x0000000000001210        0x4 /Applications/ti/ccsv6/tools/compiler/gcc-arm-none-eabi-4_9-2015q3/bin/../lib/gcc/arm-none-eabi/4.9.3/armv7e-m/fpu/crtbegin.o
 .init_array.00000
                0x0000000000001214        0x4 /Applications/ti/ccsv6/tools/compiler/gcc-arm-none-eabi-4_9-2015q3/bin/../lib/gcc/arm-none-eabi/4.9.3/../../../../arm-none-eabi/lib/armv7e-m/fpu/libc.a(lib_a-__call_atexit.o)
                0x0000000000001218                __init_array_end = .
 *(.init)
 .init          0x0000000000001218        0x4 /Applications/ti/ccsv6/tools/compiler/gcc-arm-none-eabi-4_9-2015q3/bin/../lib/gcc/arm-none-eabi/4.9.3/armv7e-m/fpu/crti.o
                0x0000000000001218                _init
 .init          0x000000000000121c        0x8 /Applications/ti/ccsv6/tools/compiler/gcc-arm-none-eabi-4_9-2015q3/bin/../lib/gcc/arm-none-eabi/4.9.3/armv7e-m/fpu/crtn.o
 *(.fini*)
 .fini          0x0000000000001224        0x4 /Applications/ti/ccsv6/tools/compiler/gcc-arm-none-eabi-4_9-2015q3/bin/../lib/gcc/arm-none-eabi/4.9.3/armv7e-m/fpu/crti.o
                0x0000000000001224                _fini
 .fini_array    0x0000000000001228        0x4 /Applications/ti/ccsv6/tools/compiler/gcc-arm-none-eabi-4_9-2015q3/bin/../lib/gcc/arm-none-eabi/4.9.3/armv7e-m/fpu/crtbegin.o
 .fini          0x000000000000122c        0x8 /Applications/ti/ccsv6/tools/compiler/gcc-arm-none-eabi-4_9-2015q3/bin/../lib/gcc/arm-none-eabi/4.9.3/armv7e-m/fpu/crtn.o
                0x0000000000001234                PROVIDE (__etext, .)
                0x0000000000001234                PROVIDE (_etext, .)
                0x0000000000001234                PROVIDE (etext, .)

.glue_7         0x0000000000001234        0x0
 .glue_7        0x0000000000000000        0x0 linker stubs

.glue_7t        0x0000000000001234        0x0
 .glue_7t       0x0000000000000000        0x0 linker stubs

.vfp11_veneer   0x0000000000001234        0x0
 .vfp11_veneer  0x0000000000000000        0x0 linker stubs

.v4_bx          0x0000000000001234        0x0
 .v4_bx         0x0000000000000000        0x0 linker stubs

.iplt           0x0000000000001234        0x0
 .iplt          0x0000000000000000        0x0 /Applications/ti/ccsv6/tools/compiler/gcc-arm-none-eabi-4_9-2015q3/bin/../lib/gcc/arm-none-eabi/4.9.3/armv7e-m/fpu/crtbegin.o

.rodata         0x0000000000001234        0x8
 *(.rodata)
 *(.rodata*)
 .rodata.str1.4
                0x0000000000001234        0x4 /Applications/ti/ccsv6/tools/compiler/gcc-arm-none-eabi-4_9-2015q3/bin/../lib/gcc/arm-none-eabi/4.9.3/../../../../arm-none-eabi/lib/armv7e-m/fpu/libc.a(lib_a-impure.o)
                                          0x2 (size before relaxing)
 .rodata._global_impure_ptr
                0x0000000000001238        0x4 /Applications/ti/ccsv6/tools/compiler/gcc-arm-none-eabi-4_9-2015q3/bin/../lib/gcc/arm-none-eabi/4.9.3/../../../../arm-none-eabi/lib/armv7e-m/fpu/libc.a(lib_a-impure.o)
                0x0000000000001238                _global_impure_ptr

.eh_frame       0x000000000000123c        0x4
 .eh_frame      0x000000000000123c        0x0 /Applications/ti/ccsv6/tools/compiler/gcc-arm-none-eabi-4_9-2015q3/bin/../lib/gcc/arm-none-eabi/4.9.3/armv7e-m/fpu/crtbegin.o
 .eh_frame      0x000000000000123c        0x4 /Applications/ti/ccsv6/tools/compiler/gcc-arm-none-eabi-4_9-2015q3/bin/../lib/gcc/arm-none-eabi/4.9.3/armv7e-m/fpu/crtend.o

.data           0x0000000020000000      0x444 load address 0x0000000000001240
                0x0000000000001240                __data_load__ = LOADADDR (.data)
                0x0000000020000000                __data_start__ = .
 *(.data)
 .data          0x0000000020000000        0x0 /Applications/ti/ccsv6/tools/compiler/gcc-arm-none-eabi-4_9-2015q3/bin/../lib/gcc/arm-none-eabi/4.9.3/armv7e-m/fpu/crti.o
 .data          0x0000000020000000        0x4 /Applications/ti/ccsv6/tools/compiler/gcc-arm-none-eabi-4_9-2015q3/bin/../lib/gcc/arm-none-eabi/4.9.3/armv7e-m/fpu/crtbegin.o
                0x0000000020000000                __dso_handle
 .data          0x0000000020000004        0x0 /Applications/ti/ccsv6/tools/compiler/gcc-arm-none-eabi-4_9-2015q3/bin/../lib/gcc/arm-none-eabi/4.9.3/../../../../arm-none-eabi/lib/armv7e-m/fpu/crt0.o
 .data          0x0000000020000004        0x0 ./main.o
 .data          0x0000000020000004        0x0 ./tm4c123gh6pm_startup_ccs_gcc.o
 .data          0x0000000020000004        0x0 ./ERRH/ERRH.o
 .data          0x0000000020000004        0x0 ./cmsis/cmsis_nvic.o
 .data          0x0000000020000004        0x0 ./cmsis/system_LM4F.o
 .data          0x0000000020000004        0x0 ./hal/SPID.o
 .data          0x0000000020000004        0x0 ./hal/TIMD.o
 .data          0x0000000020000004        0x0 ./hal/uDMA.o
 .data          0x0000000020000004        0x0 /Applications/ti/ccsv6/tools/compiler/gcc-arm-none-eabi-4_9-2015q3/bin/../lib/gcc/arm-none-eabi/4.9.3/../../../../arm-none-eabi/lib/armv7e-m/fpu/libc.a(lib_a-exit.o)
 .data          0x0000000020000004        0x0 /Applications/ti/ccsv6/tools/compiler/gcc-arm-none-eabi-4_9-2015q3/bin/../lib/gcc/arm-none-eabi/4.9.3/../../../../arm-none-eabi/lib/armv7e-m/fpu/libc.a(lib_a-impure.o)
 .data          0x0000000020000004        0x0 /Applications/ti/ccsv6/tools/compiler/gcc-arm-none-eabi-4_9-2015q3/bin/../lib/gcc/arm-none-eabi/4.9.3/../../../../arm-none-eabi/lib/armv7e-m/fpu/libc.a(lib_a-init.o)
 .data          0x0000000020000004        0x0 /Applications/ti/ccsv6/tools/compiler/gcc-arm-none-eabi-4_9-2015q3/bin/../lib/gcc/arm-none-eabi/4.9.3/../../../../arm-none-eabi/lib/armv7e-m/fpu/libc.a(lib_a-memset.o)
 .data          0x0000000020000004        0x0 /Applications/ti/ccsv6/tools/compiler/gcc-arm-none-eabi-4_9-2015q3/bin/../lib/gcc/arm-none-eabi/4.9.3/../../../../arm-none-eabi/lib/armv7e-m/fpu/libc.a(lib_a-__call_atexit.o)
 .data          0x0000000020000004        0x0 /Applications/ti/ccsv6/tools/compiler/gcc-arm-none-eabi-4_9-2015q3/bin/../lib/gcc/arm-none-eabi/4.9.3/../../../../arm-none-eabi/lib/armv7e-m/fpu/libc.a(lib_a-atexit.o)
 .data          0x0000000020000004        0x0 /Applications/ti/ccsv6/tools/compiler/gcc-arm-none-eabi-4_9-2015q3/bin/../lib/gcc/arm-none-eabi/4.9.3/../../../../arm-none-eabi/lib/armv7e-m/fpu/libc.a(lib_a-fini.o)
 .data          0x0000000020000004        0x0 /Applications/ti/ccsv6/tools/compiler/gcc-arm-none-eabi-4_9-2015q3/bin/../lib/gcc/arm-none-eabi/4.9.3/../../../../arm-none-eabi/lib/armv7e-m/fpu/libc.a(lib_a-__atexit.o)
 .data          0x0000000020000004        0x0 /Applications/ti/ccsv6/tools/compiler/gcc-arm-none-eabi-4_9-2015q3/bin/../lib/gcc/arm-none-eabi/4.9.3/../../../../arm-none-eabi/lib/armv7e-m/fpu/libnosys.a(_exit.o)
 .data          0x0000000020000004        0x0 /Applications/ti/ccsv6/tools/compiler/gcc-arm-none-eabi-4_9-2015q3/bin/../lib/gcc/arm-none-eabi/4.9.3/armv7e-m/fpu/crtend.o
 .data          0x0000000020000004        0x0 /Applications/ti/ccsv6/tools/compiler/gcc-arm-none-eabi-4_9-2015q3/bin/../lib/gcc/arm-none-eabi/4.9.3/armv7e-m/fpu/crtn.o
 *(.data*)
 .data.SystemCoreClock
                0x0000000020000004        0x4 ./cmsis/system_LM4F.o
                0x0000000020000004                SystemCoreClock
 .data.first_entry.5709
                0x0000000020000008        0x1 ./hal/SPID.o
 .data.tx_transfer_size
                0x0000000020000009        0x1 ./hal/uDMA.o
 .data.rx_transfer_size
                0x000000002000000a        0x1 ./hal/uDMA.o
 *fill*         0x000000002000000b        0x1 
 .data.control_word_ch12
                0x000000002000000c        0x4 ./hal/uDMA.o
 .data.control_word_ch13
                0x0000000020000010        0x4 ./hal/uDMA.o
 *fill*         0x0000000020000014        0x4 
 .data.impure_data
                0x0000000020000018      0x428 /Applications/ti/ccsv6/tools/compiler/gcc-arm-none-eabi-4_9-2015q3/bin/../lib/gcc/arm-none-eabi/4.9.3/../../../../arm-none-eabi/lib/armv7e-m/fpu/libc.a(lib_a-impure.o)
 .data._impure_ptr
                0x0000000020000440        0x4 /Applications/ti/ccsv6/tools/compiler/gcc-arm-none-eabi-4_9-2015q3/bin/../lib/gcc/arm-none-eabi/4.9.3/../../../../arm-none-eabi/lib/armv7e-m/fpu/libc.a(lib_a-impure.o)
                0x0000000020000440                _impure_ptr
                0x0000000020000444                . = ALIGN (0x4)
                0x0000000020000444                __data_end__ = .

.jcr            0x0000000020000444        0x4 load address 0x0000000000001684
 .jcr           0x0000000020000444        0x0 /Applications/ti/ccsv6/tools/compiler/gcc-arm-none-eabi-4_9-2015q3/bin/../lib/gcc/arm-none-eabi/4.9.3/armv7e-m/fpu/crtbegin.o
 .jcr           0x0000000020000444        0x4 /Applications/ti/ccsv6/tools/compiler/gcc-arm-none-eabi-4_9-2015q3/bin/../lib/gcc/arm-none-eabi/4.9.3/armv7e-m/fpu/crtend.o

.igot.plt       0x0000000020000448        0x0 load address 0x0000000000001688
 .igot.plt      0x0000000000000000        0x0 /Applications/ti/ccsv6/tools/compiler/gcc-arm-none-eabi-4_9-2015q3/bin/../lib/gcc/arm-none-eabi/4.9.3/armv7e-m/fpu/crtbegin.o

.ARM.exidx      0x0000000000001688        0x8
                0x0000000000001688                __exidx_start = .
 *(.ARM.exidx* .gnu.linkonce.armexidx.*)
 .ARM.exidx     0x0000000000001688        0x8 /Applications/ti/ccsv6/tools/compiler/gcc-arm-none-eabi-4_9-2015q3/bin/../lib/gcc/arm-none-eabi/4.9.3/../../../../arm-none-eabi/lib/armv7e-m/fpu/crt0.o
                0x0000000000001690                __exidx_end = .

.ARM.extab      0x0000000000001690        0x0
 *(.ARM.extab* .gnu.linkonce.armextab.*)
 .ARM.extab     0x0000000000001690        0x0 /Applications/ti/ccsv6/tools/compiler/gcc-arm-none-eabi-4_9-2015q3/bin/../lib/gcc/arm-none-eabi/4.9.3/../../../../arm-none-eabi/lib/armv7e-m/fpu/crt0.o

.rel.dyn        0x0000000000001690        0x0
 .rel.iplt      0x0000000000000000        0x0 /Applications/ti/ccsv6/tools/compiler/gcc-arm-none-eabi-4_9-2015q3/bin/../lib/gcc/arm-none-eabi/4.9.3/armv7e-m/fpu/crtbegin.o

.bss            0x0000000020000800      0xe04
                0x0000000020000800                __bss_start__ = .
 *(.shbss)
 *(.bss)
 .bss           0x0000000020000800        0x0 /Applications/ti/ccsv6/tools/compiler/gcc-arm-none-eabi-4_9-2015q3/bin/../lib/gcc/arm-none-eabi/4.9.3/armv7e-m/fpu/crti.o
 .bss           0x0000000020000800       0x1c /Applications/ti/ccsv6/tools/compiler/gcc-arm-none-eabi-4_9-2015q3/bin/../lib/gcc/arm-none-eabi/4.9.3/armv7e-m/fpu/crtbegin.o
 .bss           0x000000002000081c        0x0 /Applications/ti/ccsv6/tools/compiler/gcc-arm-none-eabi-4_9-2015q3/bin/../lib/gcc/arm-none-eabi/4.9.3/../../../../arm-none-eabi/lib/armv7e-m/fpu/crt0.o
 .bss           0x000000002000081c        0x0 ./main.o
 .bss           0x000000002000081c        0x0 ./tm4c123gh6pm_startup_ccs_gcc.o
 .bss           0x000000002000081c        0x0 ./ERRH/ERRH.o
 .bss           0x000000002000081c        0x0 ./cmsis/cmsis_nvic.o
 .bss           0x000000002000081c        0x0 ./cmsis/system_LM4F.o
 .bss           0x000000002000081c        0x0 ./hal/SPID.o
 .bss           0x000000002000081c        0x0 ./hal/TIMD.o
 .bss           0x000000002000081c        0x0 ./hal/uDMA.o
 .bss           0x000000002000081c        0x0 /Applications/ti/ccsv6/tools/compiler/gcc-arm-none-eabi-4_9-2015q3/bin/../lib/gcc/arm-none-eabi/4.9.3/../../../../arm-none-eabi/lib/armv7e-m/fpu/libc.a(lib_a-exit.o)
 .bss           0x000000002000081c        0x0 /Applications/ti/ccsv6/tools/compiler/gcc-arm-none-eabi-4_9-2015q3/bin/../lib/gcc/arm-none-eabi/4.9.3/../../../../arm-none-eabi/lib/armv7e-m/fpu/libc.a(lib_a-impure.o)
 .bss           0x000000002000081c        0x0 /Applications/ti/ccsv6/tools/compiler/gcc-arm-none-eabi-4_9-2015q3/bin/../lib/gcc/arm-none-eabi/4.9.3/../../../../arm-none-eabi/lib/armv7e-m/fpu/libc.a(lib_a-init.o)
 .bss           0x000000002000081c        0x0 /Applications/ti/ccsv6/tools/compiler/gcc-arm-none-eabi-4_9-2015q3/bin/../lib/gcc/arm-none-eabi/4.9.3/../../../../arm-none-eabi/lib/armv7e-m/fpu/libc.a(lib_a-memset.o)
 .bss           0x000000002000081c        0x0 /Applications/ti/ccsv6/tools/compiler/gcc-arm-none-eabi-4_9-2015q3/bin/../lib/gcc/arm-none-eabi/4.9.3/../../../../arm-none-eabi/lib/armv7e-m/fpu/libc.a(lib_a-__call_atexit.o)
 .bss           0x000000002000081c        0x0 /Applications/ti/ccsv6/tools/compiler/gcc-arm-none-eabi-4_9-2015q3/bin/../lib/gcc/arm-none-eabi/4.9.3/../../../../arm-none-eabi/lib/armv7e-m/fpu/libc.a(lib_a-atexit.o)
 .bss           0x000000002000081c        0x0 /Applications/ti/ccsv6/tools/compiler/gcc-arm-none-eabi-4_9-2015q3/bin/../lib/gcc/arm-none-eabi/4.9.3/../../../../arm-none-eabi/lib/armv7e-m/fpu/libc.a(lib_a-fini.o)
 .bss           0x000000002000081c        0x0 /Applications/ti/ccsv6/tools/compiler/gcc-arm-none-eabi-4_9-2015q3/bin/../lib/gcc/arm-none-eabi/4.9.3/../../../../arm-none-eabi/lib/armv7e-m/fpu/libc.a(lib_a-__atexit.o)
 .bss           0x000000002000081c        0x0 /Applications/ti/ccsv6/tools/compiler/gcc-arm-none-eabi-4_9-2015q3/bin/../lib/gcc/arm-none-eabi/4.9.3/../../../../arm-none-eabi/lib/armv7e-m/fpu/libnosys.a(_exit.o)
 .bss           0x000000002000081c        0x0 /Applications/ti/ccsv6/tools/compiler/gcc-arm-none-eabi-4_9-2015q3/bin/../lib/gcc/arm-none-eabi/4.9.3/armv7e-m/fpu/crtend.o
 .bss           0x000000002000081c        0x0 /Applications/ti/ccsv6/tools/compiler/gcc-arm-none-eabi-4_9-2015q3/bin/../lib/gcc/arm-none-eabi/4.9.3/armv7e-m/fpu/crtn.o
 *(.bss.*)
 .bss.pui32Stack
                0x000000002000081c      0x200 ./tm4c123gh6pm_startup_ccs_gcc.o
 .bss.enabled_spi
                0x0000000020000a1c        0x1 ./hal/SPID.o
 *fill*         0x0000000020000a1d      0x1e3 
 .bss.udma_control_structure
                0x0000000020000c00      0x400 ./hal/uDMA.o
 .bss.udma_buffer_tx
                0x0000000020001000      0x1fe ./hal/uDMA.o
 *fill*         0x00000000200011fe        0x2 
 .bss.udma_buffer_rx
                0x0000000020001200      0x1fe ./hal/uDMA.o
 *(COMMON)
 *fill*         0x00000000200013fe        0x2 
 COMMON         0x0000000020001400      0x1fe ./main.o
                0x0000000020001400                UDMA_ssi2_app_rx_data
 *fill*         0x00000000200015fe        0x2 
 COMMON         0x0000000020001600        0x1 ./hal/SPID.o
                0x0000000020001600                ssi2_status
                0x0000000020001604                . = ALIGN (0x4)
 *fill*         0x0000000020001601        0x3 
                0x0000000020001604                __bss_end__ = .

.heap           0x0000000020001604        0x0
                0x0000000020001604                __heap_start__ = .
                0x0000000020001604                end = __heap_start__
                0x0000000020001604                _end = end
                0x0000000020001604                __end = end
 *(.heap)
                0x0000000020001604                __heap_end__ = .
                0x0000000020001604                __HeapLimit = __heap_end__

.stack          0x0000000020001608        0x0
                0x0000000020001608                _stack = .
                0x0000000020001608                __stack = .
 *(.stack)
START GROUP
LOAD /Applications/ti/ccsv6/tools/compiler/gcc-arm-none-eabi-4_9-2015q3/bin/../lib/gcc/arm-none-eabi/4.9.3/../../../../arm-none-eabi/lib/armv7e-m/fpu/libc.a
END GROUP
START GROUP
LOAD /Applications/ti/ccsv6/tools/compiler/gcc-arm-none-eabi-4_9-2015q3/bin/../lib/gcc/arm-none-eabi/4.9.3/armv7e-m/fpu/libgcc.a
LOAD /Applications/ti/ccsv6/tools/compiler/gcc-arm-none-eabi-4_9-2015q3/bin/../lib/gcc/arm-none-eabi/4.9.3/../../../../arm-none-eabi/lib/armv7e-m/fpu/libg.a
LOAD /Applications/ti/ccsv6/tools/compiler/gcc-arm-none-eabi-4_9-2015q3/bin/../lib/gcc/arm-none-eabi/4.9.3/../../../../arm-none-eabi/lib/armv7e-m/fpu/libc.a
END GROUP
START GROUP
LOAD /Applications/ti/ccsv6/tools/compiler/gcc-arm-none-eabi-4_9-2015q3/bin/../lib/gcc/arm-none-eabi/4.9.3/armv7e-m/fpu/libgcc.a
LOAD /Applications/ti/ccsv6/tools/compiler/gcc-arm-none-eabi-4_9-2015q3/bin/../lib/gcc/arm-none-eabi/4.9.3/../../../../arm-none-eabi/lib/armv7e-m/fpu/libc.a
LOAD /Applications/ti/ccsv6/tools/compiler/gcc-arm-none-eabi-4_9-2015q3/bin/../lib/gcc/arm-none-eabi/4.9.3/../../../../arm-none-eabi/lib/armv7e-m/fpu/libnosys.a
END GROUP
LOAD /Applications/ti/ccsv6/tools/compiler/gcc-arm-none-eabi-4_9-2015q3/bin/../lib/gcc/arm-none-eabi/4.9.3/armv7e-m/fpu/crtend.o
LOAD /Applications/ti/ccsv6/tools/compiler/gcc-arm-none-eabi-4_9-2015q3/bin/../lib/gcc/arm-none-eabi/4.9.3/armv7e-m/fpu/crtn.o
OUTPUT(CMSIS-SPI-uDMA-GCC-Tiva-C-TM4C123.out elf32-littlearm)

.ARM.attributes
                0x0000000000000000       0x30
 .ARM.attributes
                0x0000000000000000       0x22 /Applications/ti/ccsv6/tools/compiler/gcc-arm-none-eabi-4_9-2015q3/bin/../lib/gcc/arm-none-eabi/4.9.3/armv7e-m/fpu/crti.o
 .ARM.attributes
                0x0000000000000022       0x34 /Applications/ti/ccsv6/tools/compiler/gcc-arm-none-eabi-4_9-2015q3/bin/../lib/gcc/arm-none-eabi/4.9.3/armv7e-m/fpu/crtbegin.o
 .ARM.attributes
                0x0000000000000056       0x20 /Applications/ti/ccsv6/tools/compiler/gcc-arm-none-eabi-4_9-2015q3/bin/../lib/gcc/arm-none-eabi/4.9.3/../../../../arm-none-eabi/lib/armv7e-m/fpu/crt0.o
 .ARM.attributes
                0x0000000000000076       0x39 ./main.o
 .ARM.attributes
                0x00000000000000af       0x39 ./tm4c123gh6pm_startup_ccs_gcc.o
 .ARM.attributes
                0x00000000000000e8       0x39 ./ERRH/ERRH.o
 .ARM.attributes
                0x0000000000000121       0x39 ./cmsis/cmsis_nvic.o
 .ARM.attributes
                0x000000000000015a       0x39 ./cmsis/system_LM4F.o
 .ARM.attributes
                0x0000000000000193       0x39 ./hal/SPID.o
 .ARM.attributes
                0x00000000000001cc       0x39 ./hal/TIMD.o
 .ARM.attributes
                0x0000000000000205       0x39 ./hal/uDMA.o
 .ARM.attributes
                0x000000000000023e       0x34 /Applications/ti/ccsv6/tools/compiler/gcc-arm-none-eabi-4_9-2015q3/bin/../lib/gcc/arm-none-eabi/4.9.3/../../../../arm-none-eabi/lib/armv7e-m/fpu/libc.a(lib_a-exit.o)
 .ARM.attributes
                0x0000000000000272       0x34 /Applications/ti/ccsv6/tools/compiler/gcc-arm-none-eabi-4_9-2015q3/bin/../lib/gcc/arm-none-eabi/4.9.3/../../../../arm-none-eabi/lib/armv7e-m/fpu/libc.a(lib_a-impure.o)
 .ARM.attributes
                0x00000000000002a6       0x34 /Applications/ti/ccsv6/tools/compiler/gcc-arm-none-eabi-4_9-2015q3/bin/../lib/gcc/arm-none-eabi/4.9.3/../../../../arm-none-eabi/lib/armv7e-m/fpu/libc.a(lib_a-init.o)
 .ARM.attributes
                0x00000000000002da       0x34 /Applications/ti/ccsv6/tools/compiler/gcc-arm-none-eabi-4_9-2015q3/bin/../lib/gcc/arm-none-eabi/4.9.3/../../../../arm-none-eabi/lib/armv7e-m/fpu/libc.a(lib_a-memset.o)
 .ARM.attributes
                0x000000000000030e       0x34 /Applications/ti/ccsv6/tools/compiler/gcc-arm-none-eabi-4_9-2015q3/bin/../lib/gcc/arm-none-eabi/4.9.3/../../../../arm-none-eabi/lib/armv7e-m/fpu/libc.a(lib_a-__call_atexit.o)
 .ARM.attributes
                0x0000000000000342       0x34 /Applications/ti/ccsv6/tools/compiler/gcc-arm-none-eabi-4_9-2015q3/bin/../lib/gcc/arm-none-eabi/4.9.3/../../../../arm-none-eabi/lib/armv7e-m/fpu/libc.a(lib_a-atexit.o)
 .ARM.attributes
                0x0000000000000376       0x34 /Applications/ti/ccsv6/tools/compiler/gcc-arm-none-eabi-4_9-2015q3/bin/../lib/gcc/arm-none-eabi/4.9.3/../../../../arm-none-eabi/lib/armv7e-m/fpu/libc.a(lib_a-fini.o)
 .ARM.attributes
                0x00000000000003aa       0x34 /Applications/ti/ccsv6/tools/compiler/gcc-arm-none-eabi-4_9-2015q3/bin/../lib/gcc/arm-none-eabi/4.9.3/../../../../arm-none-eabi/lib/armv7e-m/fpu/libc.a(lib_a-__atexit.o)
 .ARM.attributes
                0x00000000000003de       0x34 /Applications/ti/ccsv6/tools/compiler/gcc-arm-none-eabi-4_9-2015q3/bin/../lib/gcc/arm-none-eabi/4.9.3/../../../../arm-none-eabi/lib/armv7e-m/fpu/libnosys.a(_exit.o)
 .ARM.attributes
                0x0000000000000412       0x34 /Applications/ti/ccsv6/tools/compiler/gcc-arm-none-eabi-4_9-2015q3/bin/../lib/gcc/arm-none-eabi/4.9.3/armv7e-m/fpu/crtend.o
 .ARM.attributes
                0x0000000000000446       0x22 /Applications/ti/ccsv6/tools/compiler/gcc-arm-none-eabi-4_9-2015q3/bin/../lib/gcc/arm-none-eabi/4.9.3/armv7e-m/fpu/crtn.o

.comment        0x0000000000000000       0x70
 .comment       0x0000000000000000       0x70 ./main.o
                                         0x71 (size before relaxing)
 .comment       0x0000000000000000       0x71 ./tm4c123gh6pm_startup_ccs_gcc.o
 .comment       0x0000000000000000       0x71 ./ERRH/ERRH.o
 .comment       0x0000000000000000       0x71 ./cmsis/cmsis_nvic.o
 .comment       0x0000000000000000       0x71 ./cmsis/system_LM4F.o
 .comment       0x0000000000000000       0x71 ./hal/SPID.o
 .comment       0x0000000000000000       0x71 ./hal/TIMD.o
 .comment       0x0000000000000000       0x71 ./hal/uDMA.o

.debug_info     0x0000000000000000     0x3c4d
 .debug_info    0x0000000000000000      0x306 ./main.o
 .debug_info    0x0000000000000306      0x175 ./tm4c123gh6pm_startup_ccs_gcc.o
 .debug_info    0x000000000000047b       0x64 ./ERRH/ERRH.o
 .debug_info    0x00000000000004df      0x4ef ./cmsis/cmsis_nvic.o
 .debug_info    0x00000000000009ce      0xd77 ./cmsis/system_LM4F.o
 .debug_info    0x0000000000001745     0x11b9 ./hal/SPID.o
 .debug_info    0x00000000000028fe       0x94 ./hal/TIMD.o
 .debug_info    0x0000000000002992     0x12bb ./hal/uDMA.o

.debug_abbrev   0x0000000000000000      0x886
 .debug_abbrev  0x0000000000000000      0x116 ./main.o
 .debug_abbrev  0x0000000000000116       0xca ./tm4c123gh6pm_startup_ccs_gcc.o
 .debug_abbrev  0x00000000000001e0       0x26 ./ERRH/ERRH.o
 .debug_abbrev  0x0000000000000206      0x125 ./cmsis/cmsis_nvic.o
 .debug_abbrev  0x000000000000032b      0x12a ./cmsis/system_LM4F.o
 .debug_abbrev  0x0000000000000455      0x206 ./hal/SPID.o
 .debug_abbrev  0x000000000000065b       0x4b ./hal/TIMD.o
 .debug_abbrev  0x00000000000006a6      0x1e0 ./hal/uDMA.o

.debug_aranges  0x0000000000000000      0x1c8
 .debug_aranges
                0x0000000000000000       0x20 ./main.o
 .debug_aranges
                0x0000000000000020       0x38 ./tm4c123gh6pm_startup_ccs_gcc.o
 .debug_aranges
                0x0000000000000058       0x18 ./ERRH/ERRH.o
 .debug_aranges
                0x0000000000000070       0x28 ./cmsis/cmsis_nvic.o
 .debug_aranges
                0x0000000000000098       0x30 ./cmsis/system_LM4F.o
 .debug_aranges
                0x00000000000000c8       0x58 ./hal/SPID.o
 .debug_aranges
                0x0000000000000120       0x18 ./hal/TIMD.o
 .debug_aranges
                0x0000000000000138       0x90 ./hal/uDMA.o

.debug_ranges   0x0000000000000000      0x138
 .debug_ranges  0x0000000000000000       0x10 ./main.o
 .debug_ranges  0x0000000000000010       0x28 ./tm4c123gh6pm_startup_ccs_gcc.o
 .debug_ranges  0x0000000000000038       0x18 ./cmsis/cmsis_nvic.o
 .debug_ranges  0x0000000000000050       0x20 ./cmsis/system_LM4F.o
 .debug_ranges  0x0000000000000070       0x48 ./hal/SPID.o
 .debug_ranges  0x00000000000000b8       0x80 ./hal/uDMA.o

.debug_line     0x0000000000000000      0xbf6
 .debug_line    0x0000000000000000      0x176 ./main.o
 .debug_line    0x0000000000000176      0x16f ./tm4c123gh6pm_startup_ccs_gcc.o
 .debug_line    0x00000000000002e5       0x1d ./ERRH/ERRH.o
 .debug_line    0x0000000000000302      0x162 ./cmsis/cmsis_nvic.o
 .debug_line    0x0000000000000464      0x1d5 ./cmsis/system_LM4F.o
 .debug_line    0x0000000000000639      0x218 ./hal/SPID.o
 .debug_line    0x0000000000000851      0x11a ./hal/TIMD.o
 .debug_line    0x000000000000096b      0x28b ./hal/uDMA.o

.debug_str      0x0000000000000000     0x12c1
 .debug_str     0x0000000000000000      0x2c8 ./main.o
                                        0x325 (size before relaxing)
 .debug_str     0x00000000000002c8       0xa1 ./tm4c123gh6pm_startup_ccs_gcc.o
                                        0x277 (size before relaxing)
 .debug_str     0x0000000000000369        0xf ./ERRH/ERRH.o
                                        0x1c8 (size before relaxing)
 .debug_str     0x0000000000000378      0x3ce ./cmsis/cmsis_nvic.o
                                        0x67e (size before relaxing)
 .debug_str     0x0000000000000746      0x613 ./cmsis/system_LM4F.o
                                        0x826 (size before relaxing)
 .debug_str     0x0000000000000d59      0x1db ./hal/SPID.o
                                        0x9df (size before relaxing)
 .debug_str     0x0000000000000f34        0xe ./hal/TIMD.o
                                        0x1ef (size before relaxing)
 .debug_str     0x0000000000000f42      0x37f ./hal/uDMA.o
                                        0xc54 (size before relaxing)

.debug_frame    0x0000000000000000      0x670
 .debug_frame   0x0000000000000000       0x30 ./main.o
 .debug_frame   0x0000000000000030       0x7c ./tm4c123gh6pm_startup_ccs_gcc.o
 .debug_frame   0x00000000000000ac       0x60 ./cmsis/cmsis_nvic.o
 .debug_frame   0x000000000000010c       0x84 ./cmsis/system_LM4F.o
 .debug_frame   0x0000000000000190      0x13c ./hal/SPID.o
 .debug_frame   0x00000000000002cc      0x224 ./hal/uDMA.o
 .debug_frame   0x00000000000004f0       0x28 /Applications/ti/ccsv6/tools/compiler/gcc-arm-none-eabi-4_9-2015q3/bin/../lib/gcc/arm-none-eabi/4.9.3/../../../../arm-none-eabi/lib/armv7e-m/fpu/libc.a(lib_a-exit.o)
 .debug_frame   0x0000000000000518       0x2c /Applications/ti/ccsv6/tools/compiler/gcc-arm-none-eabi-4_9-2015q3/bin/../lib/gcc/arm-none-eabi/4.9.3/../../../../arm-none-eabi/lib/armv7e-m/fpu/libc.a(lib_a-init.o)
 .debug_frame   0x0000000000000544       0x34 /Applications/ti/ccsv6/tools/compiler/gcc-arm-none-eabi-4_9-2015q3/bin/../lib/gcc/arm-none-eabi/4.9.3/../../../../arm-none-eabi/lib/armv7e-m/fpu/libc.a(lib_a-memset.o)
 .debug_frame   0x0000000000000578       0x50 /Applications/ti/ccsv6/tools/compiler/gcc-arm-none-eabi-4_9-2015q3/bin/../lib/gcc/arm-none-eabi/4.9.3/../../../../arm-none-eabi/lib/armv7e-m/fpu/libc.a(lib_a-__call_atexit.o)
 .debug_frame   0x00000000000005c8       0x20 /Applications/ti/ccsv6/tools/compiler/gcc-arm-none-eabi-4_9-2015q3/bin/../lib/gcc/arm-none-eabi/4.9.3/../../../../arm-none-eabi/lib/armv7e-m/fpu/libc.a(lib_a-atexit.o)
 .debug_frame   0x00000000000005e8       0x34 /Applications/ti/ccsv6/tools/compiler/gcc-arm-none-eabi-4_9-2015q3/bin/../lib/gcc/arm-none-eabi/4.9.3/../../../../arm-none-eabi/lib/armv7e-m/fpu/libc.a(lib_a-fini.o)
 .debug_frame   0x000000000000061c       0x34 /Applications/ti/ccsv6/tools/compiler/gcc-arm-none-eabi-4_9-2015q3/bin/../lib/gcc/arm-none-eabi/4.9.3/../../../../arm-none-eabi/lib/armv7e-m/fpu/libc.a(lib_a-__atexit.o)
 .debug_frame   0x0000000000000650       0x20 /Applications/ti/ccsv6/tools/compiler/gcc-arm-none-eabi-4_9-2015q3/bin/../lib/gcc/arm-none-eabi/4.9.3/../../../../arm-none-eabi/lib/armv7e-m/fpu/libnosys.a(_exit.o)
