Archive member included because of file (symbol)

/Applications/ti/ccsv6/tools/compiler/gcc-arm-none-eabi-4_9-2015q3/bin/../lib/gcc/arm-none-eabi/4.9.3/../../../../arm-none-eabi/lib/armv7e-m/fpu/libc.a(lib_a-exit.o)
                              /Applications/ti/ccsv6/tools/compiler/gcc-arm-none-eabi-4_9-2015q3/bin/../lib/gcc/arm-none-eabi/4.9.3/../../../../arm-none-eabi/lib/armv7e-m/fpu/crt0.o (exit)
/Applications/ti/ccsv6/tools/compiler/gcc-arm-none-eabi-4_9-2015q3/bin/../lib/gcc/arm-none-eabi/4.9.3/../../../../arm-none-eabi/lib/armv7e-m/fpu/libc.a(lib_a-impure.o)
                              /Applications/ti/ccsv6/tools/compiler/gcc-arm-none-eabi-4_9-2015q3/bin/../lib/gcc/arm-none-eabi/4.9.3/../../../../arm-none-eabi/lib/armv7e-m/fpu/libc.a(lib_a-exit.o) (_global_impure_ptr)
/Applications/ti/ccsv6/tools/compiler/gcc-arm-none-eabi-4_9-2015q3/bin/../lib/gcc/arm-none-eabi/4.9.3/../../../../arm-none-eabi/lib/armv7e-m/fpu/libc.a(lib_a-init.o)
                              /Applications/ti/ccsv6/tools/compiler/gcc-arm-none-eabi-4_9-2015q3/bin/../lib/gcc/arm-none-eabi/4.9.3/../../../../arm-none-eabi/lib/armv7e-m/fpu/crt0.o (__libc_init_array)
/Applications/ti/ccsv6/tools/compiler/gcc-arm-none-eabi-4_9-2015q3/bin/../lib/gcc/arm-none-eabi/4.9.3/../../../../arm-none-eabi/lib/armv7e-m/fpu/libc.a(lib_a-memset.o)
                              /Applications/ti/ccsv6/tools/compiler/gcc-arm-none-eabi-4_9-2015q3/bin/../lib/gcc/arm-none-eabi/4.9.3/../../../../arm-none-eabi/lib/armv7e-m/fpu/crt0.o (memset)
/Applications/ti/ccsv6/tools/compiler/gcc-arm-none-eabi-4_9-2015q3/bin/../lib/gcc/arm-none-eabi/4.9.3/../../../../arm-none-eabi/lib/armv7e-m/fpu/libc.a(lib_a-__call_atexit.o)
                              /Applications/ti/ccsv6/tools/compiler/gcc-arm-none-eabi-4_9-2015q3/bin/../lib/gcc/arm-none-eabi/4.9.3/../../../../arm-none-eabi/lib/armv7e-m/fpu/libc.a(lib_a-exit.o) (__call_exitprocs)
/Applications/ti/ccsv6/tools/compiler/gcc-arm-none-eabi-4_9-2015q3/bin/../lib/gcc/arm-none-eabi/4.9.3/../../../../arm-none-eabi/lib/armv7e-m/fpu/libc.a(lib_a-atexit.o)
                              /Applications/ti/ccsv6/tools/compiler/gcc-arm-none-eabi-4_9-2015q3/bin/../lib/gcc/arm-none-eabi/4.9.3/../../../../arm-none-eabi/lib/armv7e-m/fpu/libc.a(lib_a-__call_atexit.o) (atexit)
/Applications/ti/ccsv6/tools/compiler/gcc-arm-none-eabi-4_9-2015q3/bin/../lib/gcc/arm-none-eabi/4.9.3/../../../../arm-none-eabi/lib/armv7e-m/fpu/libc.a(lib_a-fini.o)
                              /Applications/ti/ccsv6/tools/compiler/gcc-arm-none-eabi-4_9-2015q3/bin/../lib/gcc/arm-none-eabi/4.9.3/../../../../arm-none-eabi/lib/armv7e-m/fpu/libc.a(lib_a-__call_atexit.o) (__libc_fini_array)
/Applications/ti/ccsv6/tools/compiler/gcc-arm-none-eabi-4_9-2015q3/bin/../lib/gcc/arm-none-eabi/4.9.3/../../../../arm-none-eabi/lib/armv7e-m/fpu/libc.a(lib_a-__atexit.o)
                              /Applications/ti/ccsv6/tools/compiler/gcc-arm-none-eabi-4_9-2015q3/bin/../lib/gcc/arm-none-eabi/4.9.3/../../../../arm-none-eabi/lib/armv7e-m/fpu/libc.a(lib_a-atexit.o) (__register_exitproc)
/Applications/ti/ccsv6/tools/compiler/gcc-arm-none-eabi-4_9-2015q3/bin/../lib/gcc/arm-none-eabi/4.9.3/../../../../arm-none-eabi/lib/armv7e-m/fpu/libnosys.a(_exit.o)
                              /Applications/ti/ccsv6/tools/compiler/gcc-arm-none-eabi-4_9-2015q3/bin/../lib/gcc/arm-none-eabi/4.9.3/../../../../arm-none-eabi/lib/armv7e-m/fpu/libc.a(lib_a-exit.o) (_exit)

Allocating common symbols
Common symbol       size              file

buffer_rx           0x8               ./hal/TIMD.o
udma_buffer_rx      0x4               ./hal/uDMA.o
buffer_tx           0x8               ./hal/TIMD.o
ssi2_status         0x1               ./hal/SPID.o
udma_buffer_tx      0x4               ./hal/uDMA.o
UDMA_ssi2_app_rx_data
                    0x4               ./hal/SRHL.o
udma_control_structure
                    0x400             ./hal/uDMA.o

Memory Configuration

Name             Origin             Length             Attributes
FLASH            0x0000000000000000 0x0000000000040000 xr
SRAM             0x0000000020000268 0x0000000000007d98 xw
*default*        0x0000000000000000 0xffffffffffffffff

Linker script and memory map

LOAD /Applications/ti/ccsv6/tools/compiler/gcc-arm-none-eabi-4_9-2015q3/bin/../lib/gcc/arm-none-eabi/4.9.3/armv7e-m/fpu/crti.o
LOAD /Applications/ti/ccsv6/tools/compiler/gcc-arm-none-eabi-4_9-2015q3/bin/../lib/gcc/arm-none-eabi/4.9.3/armv7e-m/fpu/crtbegin.o
LOAD /Applications/ti/ccsv6/tools/compiler/gcc-arm-none-eabi-4_9-2015q3/bin/../lib/gcc/arm-none-eabi/4.9.3/../../../../arm-none-eabi/lib/armv7e-m/fpu/crt0.o
LOAD ./main.o
LOAD ./tm4c123gh6pm_startup_ccs_gcc.o
LOAD ./ERRH/ERRH.o
LOAD ./cmsis/cmsis_nvic.o
LOAD ./cmsis/system_LM4F.o
LOAD ./hal/SPID.o
LOAD ./hal/SRHL.o
LOAD ./hal/TIMD.o
LOAD ./hal/uDMA.o
                0x0000000000000000                PROVIDE (_intvecs_base_address, 0x0)

.intvecs        0x0000000000000000      0x26c
 *(.intvecs)
 .intvecs       0x0000000000000000      0x26c ./tm4c123gh6pm_startup_ccs_gcc.o
                0x0000000000000000                g_pfnVectors
                0x0000000020000000                PROVIDE (_vtable_base_address, 0x20000000)

.vtable
 *(.vtable)

.text           0x000000000000026c     0x14d8
 CREATE_OBJECT_SYMBOLS
 *(.text)
 .text          0x000000000000026c        0x0 /Applications/ti/ccsv6/tools/compiler/gcc-arm-none-eabi-4_9-2015q3/bin/../lib/gcc/arm-none-eabi/4.9.3/armv7e-m/fpu/crti.o
 .text          0x000000000000026c       0x5c /Applications/ti/ccsv6/tools/compiler/gcc-arm-none-eabi-4_9-2015q3/bin/../lib/gcc/arm-none-eabi/4.9.3/armv7e-m/fpu/crtbegin.o
 .text          0x00000000000002c8       0x74 /Applications/ti/ccsv6/tools/compiler/gcc-arm-none-eabi-4_9-2015q3/bin/../lib/gcc/arm-none-eabi/4.9.3/../../../../arm-none-eabi/lib/armv7e-m/fpu/crt0.o
                0x00000000000002c8                _mainCRTStartup
                0x00000000000002c8                _start
 .text          0x000000000000033c        0x0 ./main.o
 .text          0x000000000000033c        0x0 ./tm4c123gh6pm_startup_ccs_gcc.o
 .text          0x000000000000033c        0x0 ./ERRH/ERRH.o
 .text          0x000000000000033c        0x0 ./cmsis/cmsis_nvic.o
 .text          0x000000000000033c        0x0 ./cmsis/system_LM4F.o
 .text          0x000000000000033c        0x0 ./hal/SPID.o
 .text          0x000000000000033c        0x0 ./hal/SRHL.o
 .text          0x000000000000033c        0x0 ./hal/TIMD.o
 .text          0x000000000000033c        0x0 ./hal/uDMA.o
 .text          0x000000000000033c        0x0 /Applications/ti/ccsv6/tools/compiler/gcc-arm-none-eabi-4_9-2015q3/bin/../lib/gcc/arm-none-eabi/4.9.3/../../../../arm-none-eabi/lib/armv7e-m/fpu/libc.a(lib_a-exit.o)
 .text          0x000000000000033c        0x0 /Applications/ti/ccsv6/tools/compiler/gcc-arm-none-eabi-4_9-2015q3/bin/../lib/gcc/arm-none-eabi/4.9.3/../../../../arm-none-eabi/lib/armv7e-m/fpu/libc.a(lib_a-impure.o)
 .text          0x000000000000033c        0x0 /Applications/ti/ccsv6/tools/compiler/gcc-arm-none-eabi-4_9-2015q3/bin/../lib/gcc/arm-none-eabi/4.9.3/../../../../arm-none-eabi/lib/armv7e-m/fpu/libc.a(lib_a-init.o)
 .text          0x000000000000033c        0x0 /Applications/ti/ccsv6/tools/compiler/gcc-arm-none-eabi-4_9-2015q3/bin/../lib/gcc/arm-none-eabi/4.9.3/../../../../arm-none-eabi/lib/armv7e-m/fpu/libc.a(lib_a-memset.o)
 .text          0x000000000000033c        0x0 /Applications/ti/ccsv6/tools/compiler/gcc-arm-none-eabi-4_9-2015q3/bin/../lib/gcc/arm-none-eabi/4.9.3/../../../../arm-none-eabi/lib/armv7e-m/fpu/libc.a(lib_a-__call_atexit.o)
 .text          0x000000000000033c        0x0 /Applications/ti/ccsv6/tools/compiler/gcc-arm-none-eabi-4_9-2015q3/bin/../lib/gcc/arm-none-eabi/4.9.3/../../../../arm-none-eabi/lib/armv7e-m/fpu/libc.a(lib_a-atexit.o)
 .text          0x000000000000033c        0x0 /Applications/ti/ccsv6/tools/compiler/gcc-arm-none-eabi-4_9-2015q3/bin/../lib/gcc/arm-none-eabi/4.9.3/../../../../arm-none-eabi/lib/armv7e-m/fpu/libc.a(lib_a-fini.o)
 .text          0x000000000000033c        0x0 /Applications/ti/ccsv6/tools/compiler/gcc-arm-none-eabi-4_9-2015q3/bin/../lib/gcc/arm-none-eabi/4.9.3/../../../../arm-none-eabi/lib/armv7e-m/fpu/libc.a(lib_a-__atexit.o)
 .text          0x000000000000033c        0x0 /Applications/ti/ccsv6/tools/compiler/gcc-arm-none-eabi-4_9-2015q3/bin/../lib/gcc/arm-none-eabi/4.9.3/../../../../arm-none-eabi/lib/armv7e-m/fpu/libnosys.a(_exit.o)
 .text          0x000000000000033c        0x0 /Applications/ti/ccsv6/tools/compiler/gcc-arm-none-eabi-4_9-2015q3/bin/../lib/gcc/arm-none-eabi/4.9.3/armv7e-m/fpu/crtend.o
 .text          0x000000000000033c        0x0 /Applications/ti/ccsv6/tools/compiler/gcc-arm-none-eabi-4_9-2015q3/bin/../lib/gcc/arm-none-eabi/4.9.3/armv7e-m/fpu/crtn.o
 *(.text.*)
 .text.main     0x000000000000033c       0x10 ./main.o
                0x000000000000033c                main
 .text.ResetISR
                0x000000000000034c       0x6c ./tm4c123gh6pm_startup_ccs_gcc.o
                0x000000000000034c                ResetISR
 .text.NmiSR    0x00000000000003b8        0x8 ./tm4c123gh6pm_startup_ccs_gcc.o
 .text.FaultISR
                0x00000000000003c0        0x8 ./tm4c123gh6pm_startup_ccs_gcc.o
 .text.IntDefaultHandler
                0x00000000000003c8        0x8 ./tm4c123gh6pm_startup_ccs_gcc.o
 .text.NVIC_SetVector
                0x00000000000003d0       0x70 ./cmsis/cmsis_nvic.o
                0x00000000000003d0                NVIC_SetVector
 .text.NVIC_GetVector
                0x0000000000000440       0x30 ./cmsis/cmsis_nvic.o
                0x0000000000000440                NVIC_GetVector
 .text.getOscClk
                0x0000000000000470      0x198 ./cmsis/system_LM4F.o
 .text.SystemCoreClockUpdate
                0x0000000000000608      0x114 ./cmsis/system_LM4F.o
                0x0000000000000608                SystemCoreClockUpdate
 .text.SystemInit
                0x000000000000071c       0xb8 ./cmsis/system_LM4F.o
                0x000000000000071c                SystemInit
 .text.SSI2Init
                0x00000000000007d4       0xb4 ./hal/SPID.o
 .text.SPID_Init
                0x0000000000000888       0xb0 ./hal/SPID.o
                0x0000000000000888                SPID_Init
 .text.SPID_Enable
                0x0000000000000938       0x40 ./hal/SPID.o
                0x0000000000000938                SPID_Enable
 .text.SPID_Disable
                0x0000000000000978       0x40 ./hal/SPID.o
                0x0000000000000978                SPID_Disable
 .text.SPID_GetEnabledSPI
                0x00000000000009b8       0x18 ./hal/SPID.o
                0x00000000000009b8                SPID_GetEnabledSPI
 .text.SPID_SSI2SendData
                0x00000000000009d0       0x3c ./hal/SPID.o
                0x00000000000009d0                SPID_SSI2SendData
 .text.SPID_SSI2ReceiveData
                0x0000000000000a0c       0x30 ./hal/SPID.o
                0x0000000000000a0c                SPID_SSI2ReceiveData
 .text.SPID_GetSSI2Status
                0x0000000000000a3c       0x84 ./hal/SPID.o
                0x0000000000000a3c                SPID_GetSSI2Status
 .text.ChipSelect
                0x0000000000000ac0       0x20 ./hal/SRHL.o
 .text.ChipDeselect
                0x0000000000000ae0       0x20 ./hal/SRHL.o
 .text.GPIOsInit
                0x0000000000000b00       0xf8 ./hal/SRHL.o
 .text.SRHL_IfOpen
                0x0000000000000bf8       0x20 ./hal/SRHL.o
                0x0000000000000bf8                SRHL_IfOpen
 .text.SRHL_IfClose
                0x0000000000000c18       0x18 ./hal/SRHL.o
                0x0000000000000c18                SRHL_IfClose
 .text.SRHL_IfWrite
                0x0000000000000c30       0x9c ./hal/SRHL.o
                0x0000000000000c30                SRHL_IfWrite
 .text.SRHL_IfRead
                0x0000000000000ccc      0x110 ./hal/SRHL.o
                0x0000000000000ccc                SRHL_IfRead
 .text.NVIC_SetPriority
                0x0000000000000ddc       0x54 ./hal/TIMD.o
 .text.SysTick_Config
                0x0000000000000e30       0x44 ./hal/TIMD.o
 .text.Systick_InterruptHandler
                0x0000000000000e74       0x90 ./hal/TIMD.o
 .text.Task_5ms
                0x0000000000000f04       0x34 ./hal/TIMD.o
 .text.Task_10ms
                0x0000000000000f38        0xc ./hal/TIMD.o
 .text.Task_Initialization
                0x0000000000000f44       0x1c ./hal/TIMD.o
 .text.InitTimerA
                0x0000000000000f60       0x34 ./hal/TIMD.o
 .text.TIMD_SchInit
                0x0000000000000f94       0x38 ./hal/TIMD.o
                0x0000000000000f94                TIMD_SchInit
 .text.TIMD_SchAppl
                0x0000000000000fcc       0x44 ./hal/TIMD.o
                0x0000000000000fcc                TIMD_SchAppl
 .text.TIMD_WaitTimerA
                0x0000000000001010       0x40 ./hal/TIMD.o
                0x0000000000001010                TIMD_WaitTimerA
 .text.SSI2DMAConfiguration
                0x0000000000001050       0xb8 ./hal/uDMA.o
 .text.CfgDMAChSrcAdd
                0x0000000000001108       0x28 ./hal/uDMA.o
 .text.CfgDMAChDesAdd
                0x0000000000001130       0x28 ./hal/uDMA.o
 .text.CfgDMAChContrWrd
                0x0000000000001158       0x28 ./hal/uDMA.o
 .text.UDMA_Init
                0x0000000000001180       0x28 ./hal/uDMA.o
                0x0000000000001180                UDMA_Init
 .text.UDMA_SetChSwRqt
                0x00000000000011a8       0x24 ./hal/uDMA.o
                0x00000000000011a8                UDMA_SetChSwRqt
 .text.UDMA_GetStatus
                0x00000000000011cc       0xa4 ./hal/uDMA.o
                0x00000000000011cc                UDMA_GetStatus
 .text.UDMA_GetWaitOnRqtStatus
                0x0000000000001270       0x18 ./hal/uDMA.o
                0x0000000000001270                UDMA_GetWaitOnRqtStatus
 .text.UDMA_SetSSI2TxData
                0x0000000000001288       0x54 ./hal/uDMA.o
                0x0000000000001288                UDMA_SetSSI2TxData
 .text.UDMA_UpdateSSI2RxData
                0x00000000000012dc       0x70 ./hal/uDMA.o
                0x00000000000012dc                UDMA_UpdateSSI2RxData
 .text.UDMA_SSI2Enable
                0x000000000000134c       0x18 ./hal/uDMA.o
                0x000000000000134c                UDMA_SSI2Enable
 .text.UDMA_RxTransferSize
                0x0000000000001364       0x5c ./hal/uDMA.o
                0x0000000000001364                UDMA_RxTransferSize
 .text.UDMA_TxTransferSize
                0x00000000000013c0       0x5c ./hal/uDMA.o
                0x00000000000013c0                UDMA_TxTransferSize
 .text.UDMA_GetTxTransferSize
                0x000000000000141c       0x18 ./hal/uDMA.o
                0x000000000000141c                UDMA_GetTxTransferSize
 .text.UDMA_GetRxTransferSize
                0x0000000000001434       0x18 ./hal/uDMA.o
                0x0000000000001434                UDMA_GetRxTransferSize
 .text.exit     0x000000000000144c       0x20 /Applications/ti/ccsv6/tools/compiler/gcc-arm-none-eabi-4_9-2015q3/bin/../lib/gcc/arm-none-eabi/4.9.3/../../../../arm-none-eabi/lib/armv7e-m/fpu/libc.a(lib_a-exit.o)
                0x000000000000144c                exit
 .text.__libc_init_array
                0x000000000000146c       0x50 /Applications/ti/ccsv6/tools/compiler/gcc-arm-none-eabi-4_9-2015q3/bin/../lib/gcc/arm-none-eabi/4.9.3/../../../../arm-none-eabi/lib/armv7e-m/fpu/libc.a(lib_a-init.o)
                0x000000000000146c                __libc_init_array
 .text.memset   0x00000000000014bc       0x9c /Applications/ti/ccsv6/tools/compiler/gcc-arm-none-eabi-4_9-2015q3/bin/../lib/gcc/arm-none-eabi/4.9.3/../../../../arm-none-eabi/lib/armv7e-m/fpu/libc.a(lib_a-memset.o)
                0x00000000000014bc                memset
 .text.startup.register_fini
                0x0000000000001558       0x14 /Applications/ti/ccsv6/tools/compiler/gcc-arm-none-eabi-4_9-2015q3/bin/../lib/gcc/arm-none-eabi/4.9.3/../../../../arm-none-eabi/lib/armv7e-m/fpu/libc.a(lib_a-__call_atexit.o)
 .text.__call_exitprocs
                0x000000000000156c       0xd4 /Applications/ti/ccsv6/tools/compiler/gcc-arm-none-eabi-4_9-2015q3/bin/../lib/gcc/arm-none-eabi/4.9.3/../../../../arm-none-eabi/lib/armv7e-m/fpu/libc.a(lib_a-__call_atexit.o)
                0x000000000000156c                __call_exitprocs
 .text.atexit   0x0000000000001640        0xc /Applications/ti/ccsv6/tools/compiler/gcc-arm-none-eabi-4_9-2015q3/bin/../lib/gcc/arm-none-eabi/4.9.3/../../../../arm-none-eabi/lib/armv7e-m/fpu/libc.a(lib_a-atexit.o)
                0x0000000000001640                atexit
 .text.__libc_fini_array
                0x000000000000164c       0x2c /Applications/ti/ccsv6/tools/compiler/gcc-arm-none-eabi-4_9-2015q3/bin/../lib/gcc/arm-none-eabi/4.9.3/../../../../arm-none-eabi/lib/armv7e-m/fpu/libc.a(lib_a-fini.o)
                0x000000000000164c                __libc_fini_array
 .text.__register_exitproc
                0x0000000000001678       0xa4 /Applications/ti/ccsv6/tools/compiler/gcc-arm-none-eabi-4_9-2015q3/bin/../lib/gcc/arm-none-eabi/4.9.3/../../../../arm-none-eabi/lib/armv7e-m/fpu/libc.a(lib_a-__atexit.o)
                0x0000000000001678                __register_exitproc
 .text._exit    0x000000000000171c        0x4 /Applications/ti/ccsv6/tools/compiler/gcc-arm-none-eabi-4_9-2015q3/bin/../lib/gcc/arm-none-eabi/4.9.3/../../../../arm-none-eabi/lib/armv7e-m/fpu/libnosys.a(_exit.o)
                0x000000000000171c                _exit
                0x0000000000001720                . = ALIGN (0x4)
 *(.ctors)
                0x0000000000001720                . = ALIGN (0x4)
 *(.dtors)
                0x0000000000001720                . = ALIGN (0x4)
                0x0000000000001720                __init_array_start = .
 *(.init_array*)
 .init_array    0x0000000000001720        0x4 /Applications/ti/ccsv6/tools/compiler/gcc-arm-none-eabi-4_9-2015q3/bin/../lib/gcc/arm-none-eabi/4.9.3/armv7e-m/fpu/crtbegin.o
 .init_array.00000
                0x0000000000001724        0x4 /Applications/ti/ccsv6/tools/compiler/gcc-arm-none-eabi-4_9-2015q3/bin/../lib/gcc/arm-none-eabi/4.9.3/../../../../arm-none-eabi/lib/armv7e-m/fpu/libc.a(lib_a-__call_atexit.o)
                0x0000000000001728                __init_array_end = .
 *(.init)
 .init          0x0000000000001728        0x4 /Applications/ti/ccsv6/tools/compiler/gcc-arm-none-eabi-4_9-2015q3/bin/../lib/gcc/arm-none-eabi/4.9.3/armv7e-m/fpu/crti.o
                0x0000000000001728                _init
 .init          0x000000000000172c        0x8 /Applications/ti/ccsv6/tools/compiler/gcc-arm-none-eabi-4_9-2015q3/bin/../lib/gcc/arm-none-eabi/4.9.3/armv7e-m/fpu/crtn.o
 *(.fini*)
 .fini          0x0000000000001734        0x4 /Applications/ti/ccsv6/tools/compiler/gcc-arm-none-eabi-4_9-2015q3/bin/../lib/gcc/arm-none-eabi/4.9.3/armv7e-m/fpu/crti.o
                0x0000000000001734                _fini
 .fini_array    0x0000000000001738        0x4 /Applications/ti/ccsv6/tools/compiler/gcc-arm-none-eabi-4_9-2015q3/bin/../lib/gcc/arm-none-eabi/4.9.3/armv7e-m/fpu/crtbegin.o
 .fini          0x000000000000173c        0x8 /Applications/ti/ccsv6/tools/compiler/gcc-arm-none-eabi-4_9-2015q3/bin/../lib/gcc/arm-none-eabi/4.9.3/armv7e-m/fpu/crtn.o
                0x0000000000001744                PROVIDE (__etext, .)
                0x0000000000001744                PROVIDE (_etext, .)
                0x0000000000001744                PROVIDE (etext, .)

.glue_7         0x0000000000001744        0x0
 .glue_7        0x0000000000000000        0x0 linker stubs

.glue_7t        0x0000000000001744        0x0
 .glue_7t       0x0000000000000000        0x0 linker stubs

.vfp11_veneer   0x0000000000001744        0x0
 .vfp11_veneer  0x0000000000000000        0x0 linker stubs

.v4_bx          0x0000000000001744        0x0
 .v4_bx         0x0000000000000000        0x0 linker stubs

.iplt           0x0000000000001744        0x0
 .iplt          0x0000000000000000        0x0 /Applications/ti/ccsv6/tools/compiler/gcc-arm-none-eabi-4_9-2015q3/bin/../lib/gcc/arm-none-eabi/4.9.3/armv7e-m/fpu/crtbegin.o

.rodata         0x0000000000001744        0xc
 *(.rodata)
 .rodata        0x0000000000001744        0x4 ./hal/SRHL.o
 *(.rodata*)
 .rodata.str1.4
                0x0000000000001748        0x4 /Applications/ti/ccsv6/tools/compiler/gcc-arm-none-eabi-4_9-2015q3/bin/../lib/gcc/arm-none-eabi/4.9.3/../../../../arm-none-eabi/lib/armv7e-m/fpu/libc.a(lib_a-impure.o)
                                          0x2 (size before relaxing)
 .rodata._global_impure_ptr
                0x000000000000174c        0x4 /Applications/ti/ccsv6/tools/compiler/gcc-arm-none-eabi-4_9-2015q3/bin/../lib/gcc/arm-none-eabi/4.9.3/../../../../arm-none-eabi/lib/armv7e-m/fpu/libc.a(lib_a-impure.o)
                0x000000000000174c                _global_impure_ptr

.eh_frame       0x0000000000001750        0x4
 .eh_frame      0x0000000000001750        0x0 /Applications/ti/ccsv6/tools/compiler/gcc-arm-none-eabi-4_9-2015q3/bin/../lib/gcc/arm-none-eabi/4.9.3/armv7e-m/fpu/crtbegin.o
 .eh_frame      0x0000000000001750        0x4 /Applications/ti/ccsv6/tools/compiler/gcc-arm-none-eabi-4_9-2015q3/bin/../lib/gcc/arm-none-eabi/4.9.3/armv7e-m/fpu/crtend.o

.data           0x0000000020000268      0x43c load address 0x0000000000001754
                0x0000000000001754                __data_load__ = LOADADDR (.data)
                0x0000000020000268                __data_start__ = .
 *(.data)
 .data          0x0000000020000268        0x0 /Applications/ti/ccsv6/tools/compiler/gcc-arm-none-eabi-4_9-2015q3/bin/../lib/gcc/arm-none-eabi/4.9.3/armv7e-m/fpu/crti.o
 .data          0x0000000020000268        0x4 /Applications/ti/ccsv6/tools/compiler/gcc-arm-none-eabi-4_9-2015q3/bin/../lib/gcc/arm-none-eabi/4.9.3/armv7e-m/fpu/crtbegin.o
                0x0000000020000268                __dso_handle
 .data          0x000000002000026c        0x0 /Applications/ti/ccsv6/tools/compiler/gcc-arm-none-eabi-4_9-2015q3/bin/../lib/gcc/arm-none-eabi/4.9.3/../../../../arm-none-eabi/lib/armv7e-m/fpu/crt0.o
 .data          0x000000002000026c        0x0 ./main.o
 .data          0x000000002000026c        0x0 ./tm4c123gh6pm_startup_ccs_gcc.o
 .data          0x000000002000026c        0x0 ./ERRH/ERRH.o
 .data          0x000000002000026c        0x0 ./cmsis/cmsis_nvic.o
 .data          0x000000002000026c        0x0 ./cmsis/system_LM4F.o
 .data          0x000000002000026c        0x0 ./hal/SPID.o
 .data          0x000000002000026c        0x0 ./hal/SRHL.o
 .data          0x000000002000026c        0x0 ./hal/TIMD.o
 .data          0x000000002000026c        0x0 ./hal/uDMA.o
 .data          0x000000002000026c        0x0 /Applications/ti/ccsv6/tools/compiler/gcc-arm-none-eabi-4_9-2015q3/bin/../lib/gcc/arm-none-eabi/4.9.3/../../../../arm-none-eabi/lib/armv7e-m/fpu/libc.a(lib_a-exit.o)
 .data          0x000000002000026c        0x0 /Applications/ti/ccsv6/tools/compiler/gcc-arm-none-eabi-4_9-2015q3/bin/../lib/gcc/arm-none-eabi/4.9.3/../../../../arm-none-eabi/lib/armv7e-m/fpu/libc.a(lib_a-impure.o)
 .data          0x000000002000026c        0x0 /Applications/ti/ccsv6/tools/compiler/gcc-arm-none-eabi-4_9-2015q3/bin/../lib/gcc/arm-none-eabi/4.9.3/../../../../arm-none-eabi/lib/armv7e-m/fpu/libc.a(lib_a-init.o)
 .data          0x000000002000026c        0x0 /Applications/ti/ccsv6/tools/compiler/gcc-arm-none-eabi-4_9-2015q3/bin/../lib/gcc/arm-none-eabi/4.9.3/../../../../arm-none-eabi/lib/armv7e-m/fpu/libc.a(lib_a-memset.o)
 .data          0x000000002000026c        0x0 /Applications/ti/ccsv6/tools/compiler/gcc-arm-none-eabi-4_9-2015q3/bin/../lib/gcc/arm-none-eabi/4.9.3/../../../../arm-none-eabi/lib/armv7e-m/fpu/libc.a(lib_a-__call_atexit.o)
 .data          0x000000002000026c        0x0 /Applications/ti/ccsv6/tools/compiler/gcc-arm-none-eabi-4_9-2015q3/bin/../lib/gcc/arm-none-eabi/4.9.3/../../../../arm-none-eabi/lib/armv7e-m/fpu/libc.a(lib_a-atexit.o)
 .data          0x000000002000026c        0x0 /Applications/ti/ccsv6/tools/compiler/gcc-arm-none-eabi-4_9-2015q3/bin/../lib/gcc/arm-none-eabi/4.9.3/../../../../arm-none-eabi/lib/armv7e-m/fpu/libc.a(lib_a-fini.o)
 .data          0x000000002000026c        0x0 /Applications/ti/ccsv6/tools/compiler/gcc-arm-none-eabi-4_9-2015q3/bin/../lib/gcc/arm-none-eabi/4.9.3/../../../../arm-none-eabi/lib/armv7e-m/fpu/libc.a(lib_a-__atexit.o)
 .data          0x000000002000026c        0x0 /Applications/ti/ccsv6/tools/compiler/gcc-arm-none-eabi-4_9-2015q3/bin/../lib/gcc/arm-none-eabi/4.9.3/../../../../arm-none-eabi/lib/armv7e-m/fpu/libnosys.a(_exit.o)
 .data          0x000000002000026c        0x0 /Applications/ti/ccsv6/tools/compiler/gcc-arm-none-eabi-4_9-2015q3/bin/../lib/gcc/arm-none-eabi/4.9.3/armv7e-m/fpu/crtend.o
 .data          0x000000002000026c        0x0 /Applications/ti/ccsv6/tools/compiler/gcc-arm-none-eabi-4_9-2015q3/bin/../lib/gcc/arm-none-eabi/4.9.3/armv7e-m/fpu/crtn.o
 *(.data*)
 .data.SystemCoreClock
                0x000000002000026c        0x4 ./cmsis/system_LM4F.o
                0x000000002000026c                SystemCoreClock
 .data.first_entry.5709
                0x0000000020000270        0x1 ./hal/SPID.o
 .data.tx_transfer_size
                0x0000000020000271        0x1 ./hal/uDMA.o
                0x0000000020000271                tx_transfer_size
 .data.rx_transfer_size
                0x0000000020000272        0x1 ./hal/uDMA.o
                0x0000000020000272                rx_transfer_size
 *fill*         0x0000000020000273        0x5 
 .data.impure_data
                0x0000000020000278      0x428 /Applications/ti/ccsv6/tools/compiler/gcc-arm-none-eabi-4_9-2015q3/bin/../lib/gcc/arm-none-eabi/4.9.3/../../../../arm-none-eabi/lib/armv7e-m/fpu/libc.a(lib_a-impure.o)
 .data._impure_ptr
                0x00000000200006a0        0x4 /Applications/ti/ccsv6/tools/compiler/gcc-arm-none-eabi-4_9-2015q3/bin/../lib/gcc/arm-none-eabi/4.9.3/../../../../arm-none-eabi/lib/armv7e-m/fpu/libc.a(lib_a-impure.o)
                0x00000000200006a0                _impure_ptr
                0x00000000200006a4                . = ALIGN (0x4)
                0x00000000200006a4                __data_end__ = .

.jcr            0x00000000200006a4        0x4 load address 0x0000000000001b90
 .jcr           0x00000000200006a4        0x0 /Applications/ti/ccsv6/tools/compiler/gcc-arm-none-eabi-4_9-2015q3/bin/../lib/gcc/arm-none-eabi/4.9.3/armv7e-m/fpu/crtbegin.o
 .jcr           0x00000000200006a4        0x4 /Applications/ti/ccsv6/tools/compiler/gcc-arm-none-eabi-4_9-2015q3/bin/../lib/gcc/arm-none-eabi/4.9.3/armv7e-m/fpu/crtend.o

.igot.plt       0x00000000200006a8        0x0 load address 0x0000000000001b94
 .igot.plt      0x0000000000000000        0x0 /Applications/ti/ccsv6/tools/compiler/gcc-arm-none-eabi-4_9-2015q3/bin/../lib/gcc/arm-none-eabi/4.9.3/armv7e-m/fpu/crtbegin.o

.ARM.exidx      0x0000000000001b94        0x8
                0x0000000000001b94                __exidx_start = .
 *(.ARM.exidx* .gnu.linkonce.armexidx.*)
 .ARM.exidx     0x0000000000001b94        0x8 /Applications/ti/ccsv6/tools/compiler/gcc-arm-none-eabi-4_9-2015q3/bin/../lib/gcc/arm-none-eabi/4.9.3/../../../../arm-none-eabi/lib/armv7e-m/fpu/crt0.o
                0x0000000000001b9c                __exidx_end = .

.ARM.extab      0x0000000000001b9c        0x0
 *(.ARM.extab* .gnu.linkonce.armextab.*)
 .ARM.extab     0x0000000000001b9c        0x0 /Applications/ti/ccsv6/tools/compiler/gcc-arm-none-eabi-4_9-2015q3/bin/../lib/gcc/arm-none-eabi/4.9.3/../../../../arm-none-eabi/lib/armv7e-m/fpu/crt0.o

.rel.dyn        0x0000000000001b9c        0x0
 .rel.iplt      0x0000000000000000        0x0 /Applications/ti/ccsv6/tools/compiler/gcc-arm-none-eabi-4_9-2015q3/bin/../lib/gcc/arm-none-eabi/4.9.3/armv7e-m/fpu/crtbegin.o

.bss            0x0000000020000800      0xc00
                0x0000000020000800                __bss_start__ = .
 *(.shbss)
 *(.bss)
 .bss           0x0000000020000800        0x0 /Applications/ti/ccsv6/tools/compiler/gcc-arm-none-eabi-4_9-2015q3/bin/../lib/gcc/arm-none-eabi/4.9.3/armv7e-m/fpu/crti.o
 .bss           0x0000000020000800       0x1c /Applications/ti/ccsv6/tools/compiler/gcc-arm-none-eabi-4_9-2015q3/bin/../lib/gcc/arm-none-eabi/4.9.3/armv7e-m/fpu/crtbegin.o
 .bss           0x000000002000081c        0x0 /Applications/ti/ccsv6/tools/compiler/gcc-arm-none-eabi-4_9-2015q3/bin/../lib/gcc/arm-none-eabi/4.9.3/../../../../arm-none-eabi/lib/armv7e-m/fpu/crt0.o
 .bss           0x000000002000081c        0x0 ./main.o
 .bss           0x000000002000081c        0x0 ./tm4c123gh6pm_startup_ccs_gcc.o
 .bss           0x000000002000081c        0x0 ./ERRH/ERRH.o
 .bss           0x000000002000081c        0x0 ./cmsis/cmsis_nvic.o
 .bss           0x000000002000081c        0x0 ./cmsis/system_LM4F.o
 .bss           0x000000002000081c        0x0 ./hal/SPID.o
 .bss           0x000000002000081c        0x0 ./hal/SRHL.o
 .bss           0x000000002000081c        0x0 ./hal/TIMD.o
 .bss           0x000000002000081c        0x0 ./hal/uDMA.o
 .bss           0x000000002000081c        0x0 /Applications/ti/ccsv6/tools/compiler/gcc-arm-none-eabi-4_9-2015q3/bin/../lib/gcc/arm-none-eabi/4.9.3/../../../../arm-none-eabi/lib/armv7e-m/fpu/libc.a(lib_a-exit.o)
 .bss           0x000000002000081c        0x0 /Applications/ti/ccsv6/tools/compiler/gcc-arm-none-eabi-4_9-2015q3/bin/../lib/gcc/arm-none-eabi/4.9.3/../../../../arm-none-eabi/lib/armv7e-m/fpu/libc.a(lib_a-impure.o)
 .bss           0x000000002000081c        0x0 /Applications/ti/ccsv6/tools/compiler/gcc-arm-none-eabi-4_9-2015q3/bin/../lib/gcc/arm-none-eabi/4.9.3/../../../../arm-none-eabi/lib/armv7e-m/fpu/libc.a(lib_a-init.o)
 .bss           0x000000002000081c        0x0 /Applications/ti/ccsv6/tools/compiler/gcc-arm-none-eabi-4_9-2015q3/bin/../lib/gcc/arm-none-eabi/4.9.3/../../../../arm-none-eabi/lib/armv7e-m/fpu/libc.a(lib_a-memset.o)
 .bss           0x000000002000081c        0x0 /Applications/ti/ccsv6/tools/compiler/gcc-arm-none-eabi-4_9-2015q3/bin/../lib/gcc/arm-none-eabi/4.9.3/../../../../arm-none-eabi/lib/armv7e-m/fpu/libc.a(lib_a-__call_atexit.o)
 .bss           0x000000002000081c        0x0 /Applications/ti/ccsv6/tools/compiler/gcc-arm-none-eabi-4_9-2015q3/bin/../lib/gcc/arm-none-eabi/4.9.3/../../../../arm-none-eabi/lib/armv7e-m/fpu/libc.a(lib_a-atexit.o)
 .bss           0x000000002000081c        0x0 /Applications/ti/ccsv6/tools/compiler/gcc-arm-none-eabi-4_9-2015q3/bin/../lib/gcc/arm-none-eabi/4.9.3/../../../../arm-none-eabi/lib/armv7e-m/fpu/libc.a(lib_a-fini.o)
 .bss           0x000000002000081c        0x0 /Applications/ti/ccsv6/tools/compiler/gcc-arm-none-eabi-4_9-2015q3/bin/../lib/gcc/arm-none-eabi/4.9.3/../../../../arm-none-eabi/lib/armv7e-m/fpu/libc.a(lib_a-__atexit.o)
 .bss           0x000000002000081c        0x0 /Applications/ti/ccsv6/tools/compiler/gcc-arm-none-eabi-4_9-2015q3/bin/../lib/gcc/arm-none-eabi/4.9.3/../../../../arm-none-eabi/lib/armv7e-m/fpu/libnosys.a(_exit.o)
 .bss           0x000000002000081c        0x0 /Applications/ti/ccsv6/tools/compiler/gcc-arm-none-eabi-4_9-2015q3/bin/../lib/gcc/arm-none-eabi/4.9.3/armv7e-m/fpu/crtend.o
 .bss           0x000000002000081c        0x0 /Applications/ti/ccsv6/tools/compiler/gcc-arm-none-eabi-4_9-2015q3/bin/../lib/gcc/arm-none-eabi/4.9.3/armv7e-m/fpu/crtn.o
 *(.bss.*)
 .bss.pui32Stack
                0x000000002000081c      0x200 ./tm4c123gh6pm_startup_ccs_gcc.o
 .bss.enabled_spi
                0x0000000020000a1c        0x1 ./hal/SPID.o
 .bss.systick_interrupt_counter
                0x0000000020000a1d        0x1 ./hal/TIMD.o
 *fill*         0x0000000020000a1e        0x2 
 .bss.triggered_tasks
                0x0000000020000a20        0x1 ./hal/TIMD.o
 *fill*         0x0000000020000a21        0x3 
 .bss.control_word_ch12
                0x0000000020000a24        0x4 ./hal/uDMA.o
 .bss.control_word_ch13
                0x0000000020000a28        0x4 ./hal/uDMA.o
 *(COMMON)
 COMMON         0x0000000020000a2c        0x1 ./hal/SPID.o
                0x0000000020000a2c                ssi2_status
 *fill*         0x0000000020000a2d        0x3 
 COMMON         0x0000000020000a30        0x4 ./hal/SRHL.o
                0x0000000020000a30                UDMA_ssi2_app_rx_data
 COMMON         0x0000000020000a34       0x10 ./hal/TIMD.o
                0x0000000020000a34                buffer_rx
                0x0000000020000a3c                buffer_tx
 *fill*         0x0000000020000a44      0x1bc 
 COMMON         0x0000000020000c00      0x800 ./hal/uDMA.o
                0x0000000020000c00                udma_buffer_rx
                0x0000000020000c04                udma_buffer_tx
                0x0000000020001000                udma_control_structure
                0x0000000020001400                . = ALIGN (0x4)
                0x0000000020001400                __bss_end__ = .

.heap           0x0000000020001400        0x0
                0x0000000020001400                __heap_start__ = .
                0x0000000020001400                end = __heap_start__
                0x0000000020001400                _end = end
                0x0000000020001400                __end = end
 *(.heap)
                0x0000000020001400                __heap_end__ = .
                0x0000000020001400                __HeapLimit = __heap_end__

.stack          0x0000000020001400        0x0
                0x0000000020001400                _stack = .
                0x0000000020001400                __stack = .
 *(.stack)
START GROUP
LOAD /Applications/ti/ccsv6/tools/compiler/gcc-arm-none-eabi-4_9-2015q3/bin/../lib/gcc/arm-none-eabi/4.9.3/../../../../arm-none-eabi/lib/armv7e-m/fpu/libc.a
END GROUP
START GROUP
LOAD /Applications/ti/ccsv6/tools/compiler/gcc-arm-none-eabi-4_9-2015q3/bin/../lib/gcc/arm-none-eabi/4.9.3/armv7e-m/fpu/libgcc.a
LOAD /Applications/ti/ccsv6/tools/compiler/gcc-arm-none-eabi-4_9-2015q3/bin/../lib/gcc/arm-none-eabi/4.9.3/../../../../arm-none-eabi/lib/armv7e-m/fpu/libg.a
LOAD /Applications/ti/ccsv6/tools/compiler/gcc-arm-none-eabi-4_9-2015q3/bin/../lib/gcc/arm-none-eabi/4.9.3/../../../../arm-none-eabi/lib/armv7e-m/fpu/libc.a
END GROUP
START GROUP
LOAD /Applications/ti/ccsv6/tools/compiler/gcc-arm-none-eabi-4_9-2015q3/bin/../lib/gcc/arm-none-eabi/4.9.3/armv7e-m/fpu/libgcc.a
LOAD /Applications/ti/ccsv6/tools/compiler/gcc-arm-none-eabi-4_9-2015q3/bin/../lib/gcc/arm-none-eabi/4.9.3/../../../../arm-none-eabi/lib/armv7e-m/fpu/libc.a
LOAD /Applications/ti/ccsv6/tools/compiler/gcc-arm-none-eabi-4_9-2015q3/bin/../lib/gcc/arm-none-eabi/4.9.3/../../../../arm-none-eabi/lib/armv7e-m/fpu/libnosys.a
END GROUP
LOAD /Applications/ti/ccsv6/tools/compiler/gcc-arm-none-eabi-4_9-2015q3/bin/../lib/gcc/arm-none-eabi/4.9.3/armv7e-m/fpu/crtend.o
LOAD /Applications/ti/ccsv6/tools/compiler/gcc-arm-none-eabi-4_9-2015q3/bin/../lib/gcc/arm-none-eabi/4.9.3/armv7e-m/fpu/crtn.o
OUTPUT(CMSIS-SPI-uDMA-GCC-Tiva-C-TM4C123.out elf32-littlearm)

.ARM.attributes
                0x0000000000000000       0x30
 .ARM.attributes
                0x0000000000000000       0x22 /Applications/ti/ccsv6/tools/compiler/gcc-arm-none-eabi-4_9-2015q3/bin/../lib/gcc/arm-none-eabi/4.9.3/armv7e-m/fpu/crti.o
 .ARM.attributes
                0x0000000000000022       0x34 /Applications/ti/ccsv6/tools/compiler/gcc-arm-none-eabi-4_9-2015q3/bin/../lib/gcc/arm-none-eabi/4.9.3/armv7e-m/fpu/crtbegin.o
 .ARM.attributes
                0x0000000000000056       0x20 /Applications/ti/ccsv6/tools/compiler/gcc-arm-none-eabi-4_9-2015q3/bin/../lib/gcc/arm-none-eabi/4.9.3/../../../../arm-none-eabi/lib/armv7e-m/fpu/crt0.o
 .ARM.attributes
                0x0000000000000076       0x39 ./main.o
 .ARM.attributes
                0x00000000000000af       0x39 ./tm4c123gh6pm_startup_ccs_gcc.o
 .ARM.attributes
                0x00000000000000e8       0x39 ./ERRH/ERRH.o
 .ARM.attributes
                0x0000000000000121       0x39 ./cmsis/cmsis_nvic.o
 .ARM.attributes
                0x000000000000015a       0x39 ./cmsis/system_LM4F.o
 .ARM.attributes
                0x0000000000000193       0x39 ./hal/SPID.o
 .ARM.attributes
                0x00000000000001cc       0x39 ./hal/SRHL.o
 .ARM.attributes
                0x0000000000000205       0x39 ./hal/TIMD.o
 .ARM.attributes
                0x000000000000023e       0x39 ./hal/uDMA.o
 .ARM.attributes
                0x0000000000000277       0x34 /Applications/ti/ccsv6/tools/compiler/gcc-arm-none-eabi-4_9-2015q3/bin/../lib/gcc/arm-none-eabi/4.9.3/../../../../arm-none-eabi/lib/armv7e-m/fpu/libc.a(lib_a-exit.o)
 .ARM.attributes
                0x00000000000002ab       0x34 /Applications/ti/ccsv6/tools/compiler/gcc-arm-none-eabi-4_9-2015q3/bin/../lib/gcc/arm-none-eabi/4.9.3/../../../../arm-none-eabi/lib/armv7e-m/fpu/libc.a(lib_a-impure.o)
 .ARM.attributes
                0x00000000000002df       0x34 /Applications/ti/ccsv6/tools/compiler/gcc-arm-none-eabi-4_9-2015q3/bin/../lib/gcc/arm-none-eabi/4.9.3/../../../../arm-none-eabi/lib/armv7e-m/fpu/libc.a(lib_a-init.o)
 .ARM.attributes
                0x0000000000000313       0x34 /Applications/ti/ccsv6/tools/compiler/gcc-arm-none-eabi-4_9-2015q3/bin/../lib/gcc/arm-none-eabi/4.9.3/../../../../arm-none-eabi/lib/armv7e-m/fpu/libc.a(lib_a-memset.o)
 .ARM.attributes
                0x0000000000000347       0x34 /Applications/ti/ccsv6/tools/compiler/gcc-arm-none-eabi-4_9-2015q3/bin/../lib/gcc/arm-none-eabi/4.9.3/../../../../arm-none-eabi/lib/armv7e-m/fpu/libc.a(lib_a-__call_atexit.o)
 .ARM.attributes
                0x000000000000037b       0x34 /Applications/ti/ccsv6/tools/compiler/gcc-arm-none-eabi-4_9-2015q3/bin/../lib/gcc/arm-none-eabi/4.9.3/../../../../arm-none-eabi/lib/armv7e-m/fpu/libc.a(lib_a-atexit.o)
 .ARM.attributes
                0x00000000000003af       0x34 /Applications/ti/ccsv6/tools/compiler/gcc-arm-none-eabi-4_9-2015q3/bin/../lib/gcc/arm-none-eabi/4.9.3/../../../../arm-none-eabi/lib/armv7e-m/fpu/libc.a(lib_a-fini.o)
 .ARM.attributes
                0x00000000000003e3       0x34 /Applications/ti/ccsv6/tools/compiler/gcc-arm-none-eabi-4_9-2015q3/bin/../lib/gcc/arm-none-eabi/4.9.3/../../../../arm-none-eabi/lib/armv7e-m/fpu/libc.a(lib_a-__atexit.o)
 .ARM.attributes
                0x0000000000000417       0x34 /Applications/ti/ccsv6/tools/compiler/gcc-arm-none-eabi-4_9-2015q3/bin/../lib/gcc/arm-none-eabi/4.9.3/../../../../arm-none-eabi/lib/armv7e-m/fpu/libnosys.a(_exit.o)
 .ARM.attributes
                0x000000000000044b       0x34 /Applications/ti/ccsv6/tools/compiler/gcc-arm-none-eabi-4_9-2015q3/bin/../lib/gcc/arm-none-eabi/4.9.3/armv7e-m/fpu/crtend.o
 .ARM.attributes
                0x000000000000047f       0x22 /Applications/ti/ccsv6/tools/compiler/gcc-arm-none-eabi-4_9-2015q3/bin/../lib/gcc/arm-none-eabi/4.9.3/armv7e-m/fpu/crtn.o

.comment        0x0000000000000000       0x70
 .comment       0x0000000000000000       0x70 ./main.o
                                         0x71 (size before relaxing)
 .comment       0x0000000000000000       0x71 ./tm4c123gh6pm_startup_ccs_gcc.o
 .comment       0x0000000000000000       0x71 ./ERRH/ERRH.o
 .comment       0x0000000000000000       0x71 ./cmsis/cmsis_nvic.o
 .comment       0x0000000000000000       0x71 ./cmsis/system_LM4F.o
 .comment       0x0000000000000000       0x71 ./hal/SPID.o
 .comment       0x0000000000000000       0x71 ./hal/SRHL.o
 .comment       0x0000000000000000       0x71 ./hal/TIMD.o
 .comment       0x0000000000000000       0x71 ./hal/uDMA.o

.debug_info     0x0000000000000000     0x5f65
 .debug_info    0x0000000000000000       0x83 ./main.o
 .debug_info    0x0000000000000083      0x175 ./tm4c123gh6pm_startup_ccs_gcc.o
 .debug_info    0x00000000000001f8       0x64 ./ERRH/ERRH.o
 .debug_info    0x000000000000025c      0x4ef ./cmsis/cmsis_nvic.o
 .debug_info    0x000000000000074b      0xd77 ./cmsis/system_LM4F.o
 .debug_info    0x00000000000014c2     0x11b9 ./hal/SPID.o
 .debug_info    0x000000000000267b     0x10b6 ./hal/SRHL.o
 .debug_info    0x0000000000003731     0x1560 ./hal/TIMD.o
 .debug_info    0x0000000000004c91     0x12d4 ./hal/uDMA.o

.debug_abbrev   0x0000000000000000      0xacc
 .debug_abbrev  0x0000000000000000       0x41 ./main.o
 .debug_abbrev  0x0000000000000041       0xca ./tm4c123gh6pm_startup_ccs_gcc.o
 .debug_abbrev  0x000000000000010b       0x26 ./ERRH/ERRH.o
 .debug_abbrev  0x0000000000000131      0x125 ./cmsis/cmsis_nvic.o
 .debug_abbrev  0x0000000000000256      0x12a ./cmsis/system_LM4F.o
 .debug_abbrev  0x0000000000000380      0x206 ./hal/SPID.o
 .debug_abbrev  0x0000000000000586      0x18d ./hal/SRHL.o
 .debug_abbrev  0x0000000000000713      0x1ca ./hal/TIMD.o
 .debug_abbrev  0x00000000000008dd      0x1ef ./hal/uDMA.o

.debug_aranges  0x0000000000000000      0x268
 .debug_aranges
                0x0000000000000000       0x20 ./main.o
 .debug_aranges
                0x0000000000000020       0x38 ./tm4c123gh6pm_startup_ccs_gcc.o
 .debug_aranges
                0x0000000000000058       0x18 ./ERRH/ERRH.o
 .debug_aranges
                0x0000000000000070       0x28 ./cmsis/cmsis_nvic.o
 .debug_aranges
                0x0000000000000098       0x30 ./cmsis/system_LM4F.o
 .debug_aranges
                0x00000000000000c8       0x58 ./hal/SPID.o
 .debug_aranges
                0x0000000000000120       0x50 ./hal/SRHL.o
 .debug_aranges
                0x0000000000000170       0x68 ./hal/TIMD.o
 .debug_aranges
                0x00000000000001d8       0x90 ./hal/uDMA.o

.debug_ranges   0x0000000000000000      0x1d0
 .debug_ranges  0x0000000000000000       0x10 ./main.o
 .debug_ranges  0x0000000000000010       0x28 ./tm4c123gh6pm_startup_ccs_gcc.o
 .debug_ranges  0x0000000000000038       0x18 ./cmsis/cmsis_nvic.o
 .debug_ranges  0x0000000000000050       0x20 ./cmsis/system_LM4F.o
 .debug_ranges  0x0000000000000070       0x48 ./hal/SPID.o
 .debug_ranges  0x00000000000000b8       0x40 ./hal/SRHL.o
 .debug_ranges  0x00000000000000f8       0x58 ./hal/TIMD.o
 .debug_ranges  0x0000000000000150       0x80 ./hal/uDMA.o

.debug_line     0x0000000000000000      0xe17
 .debug_line    0x0000000000000000       0x3c ./main.o
 .debug_line    0x000000000000003c      0x16f ./tm4c123gh6pm_startup_ccs_gcc.o
 .debug_line    0x00000000000001ab       0x1d ./ERRH/ERRH.o
 .debug_line    0x00000000000001c8      0x162 ./cmsis/cmsis_nvic.o
 .debug_line    0x000000000000032a      0x1d5 ./cmsis/system_LM4F.o
 .debug_line    0x00000000000004ff      0x218 ./hal/SPID.o
 .debug_line    0x0000000000000717      0x22b ./hal/SRHL.o
 .debug_line    0x0000000000000942      0x245 ./hal/TIMD.o
 .debug_line    0x0000000000000b87      0x290 ./hal/uDMA.o

.debug_str      0x0000000000000000     0x1545
 .debug_str     0x0000000000000000      0x194 ./main.o
                                        0x1c8 (size before relaxing)
 .debug_str     0x0000000000000194       0xb5 ./tm4c123gh6pm_startup_ccs_gcc.o
                                        0x277 (size before relaxing)
 .debug_str     0x0000000000000249        0xf ./ERRH/ERRH.o
                                        0x1c8 (size before relaxing)
 .debug_str     0x0000000000000258      0x3ef ./cmsis/cmsis_nvic.o
                                        0x67e (size before relaxing)
 .debug_str     0x0000000000000647      0x627 ./cmsis/system_LM4F.o
                                        0x826 (size before relaxing)
 .debug_str     0x0000000000000c6e      0x1fe ./hal/SPID.o
                                        0x9df (size before relaxing)
 .debug_str     0x0000000000000e6c       0xca ./hal/SRHL.o
                                        0x95d (size before relaxing)
 .debug_str     0x0000000000000f36      0x1dc ./hal/TIMD.o
                                        0xe11 (size before relaxing)
 .debug_str     0x0000000000001112      0x433 ./hal/uDMA.o
                                        0xc50 (size before relaxing)

.debug_frame    0x0000000000000000      0x8d8
 .debug_frame   0x0000000000000000       0x2c ./main.o
 .debug_frame   0x000000000000002c       0x7c ./tm4c123gh6pm_startup_ccs_gcc.o
 .debug_frame   0x00000000000000a8       0x60 ./cmsis/cmsis_nvic.o
 .debug_frame   0x0000000000000108       0x84 ./cmsis/system_LM4F.o
 .debug_frame   0x000000000000018c      0x13c ./hal/SPID.o
 .debug_frame   0x00000000000002c8      0x104 ./hal/SRHL.o
 .debug_frame   0x00000000000003cc      0x164 ./hal/TIMD.o
 .debug_frame   0x0000000000000530      0x228 ./hal/uDMA.o
 .debug_frame   0x0000000000000758       0x28 /Applications/ti/ccsv6/tools/compiler/gcc-arm-none-eabi-4_9-2015q3/bin/../lib/gcc/arm-none-eabi/4.9.3/../../../../arm-none-eabi/lib/armv7e-m/fpu/libc.a(lib_a-exit.o)
 .debug_frame   0x0000000000000780       0x2c /Applications/ti/ccsv6/tools/compiler/gcc-arm-none-eabi-4_9-2015q3/bin/../lib/gcc/arm-none-eabi/4.9.3/../../../../arm-none-eabi/lib/armv7e-m/fpu/libc.a(lib_a-init.o)
 .debug_frame   0x00000000000007ac       0x34 /Applications/ti/ccsv6/tools/compiler/gcc-arm-none-eabi-4_9-2015q3/bin/../lib/gcc/arm-none-eabi/4.9.3/../../../../arm-none-eabi/lib/armv7e-m/fpu/libc.a(lib_a-memset.o)
 .debug_frame   0x00000000000007e0       0x50 /Applications/ti/ccsv6/tools/compiler/gcc-arm-none-eabi-4_9-2015q3/bin/../lib/gcc/arm-none-eabi/4.9.3/../../../../arm-none-eabi/lib/armv7e-m/fpu/libc.a(lib_a-__call_atexit.o)
 .debug_frame   0x0000000000000830       0x20 /Applications/ti/ccsv6/tools/compiler/gcc-arm-none-eabi-4_9-2015q3/bin/../lib/gcc/arm-none-eabi/4.9.3/../../../../arm-none-eabi/lib/armv7e-m/fpu/libc.a(lib_a-atexit.o)
 .debug_frame   0x0000000000000850       0x34 /Applications/ti/ccsv6/tools/compiler/gcc-arm-none-eabi-4_9-2015q3/bin/../lib/gcc/arm-none-eabi/4.9.3/../../../../arm-none-eabi/lib/armv7e-m/fpu/libc.a(lib_a-fini.o)
 .debug_frame   0x0000000000000884       0x34 /Applications/ti/ccsv6/tools/compiler/gcc-arm-none-eabi-4_9-2015q3/bin/../lib/gcc/arm-none-eabi/4.9.3/../../../../arm-none-eabi/lib/armv7e-m/fpu/libc.a(lib_a-__atexit.o)
 .debug_frame   0x00000000000008b8       0x20 /Applications/ti/ccsv6/tools/compiler/gcc-arm-none-eabi-4_9-2015q3/bin/../lib/gcc/arm-none-eabi/4.9.3/../../../../arm-none-eabi/lib/armv7e-m/fpu/libnosys.a(_exit.o)
