Archive member included because of file (symbol)

/Applications/ti/ccsv6/tools/compiler/gcc-arm-none-eabi-4_9-2015q3/bin/../lib/gcc/arm-none-eabi/4.9.3/../../../../arm-none-eabi/lib/armv7e-m/fpu/libc.a(lib_a-exit.o)
                              /Applications/ti/ccsv6/tools/compiler/gcc-arm-none-eabi-4_9-2015q3/bin/../lib/gcc/arm-none-eabi/4.9.3/../../../../arm-none-eabi/lib/armv7e-m/fpu/crt0.o (exit)
/Applications/ti/ccsv6/tools/compiler/gcc-arm-none-eabi-4_9-2015q3/bin/../lib/gcc/arm-none-eabi/4.9.3/../../../../arm-none-eabi/lib/armv7e-m/fpu/libc.a(lib_a-impure.o)
                              /Applications/ti/ccsv6/tools/compiler/gcc-arm-none-eabi-4_9-2015q3/bin/../lib/gcc/arm-none-eabi/4.9.3/../../../../arm-none-eabi/lib/armv7e-m/fpu/libc.a(lib_a-exit.o) (_global_impure_ptr)
/Applications/ti/ccsv6/tools/compiler/gcc-arm-none-eabi-4_9-2015q3/bin/../lib/gcc/arm-none-eabi/4.9.3/../../../../arm-none-eabi/lib/armv7e-m/fpu/libc.a(lib_a-init.o)
                              /Applications/ti/ccsv6/tools/compiler/gcc-arm-none-eabi-4_9-2015q3/bin/../lib/gcc/arm-none-eabi/4.9.3/../../../../arm-none-eabi/lib/armv7e-m/fpu/crt0.o (__libc_init_array)
/Applications/ti/ccsv6/tools/compiler/gcc-arm-none-eabi-4_9-2015q3/bin/../lib/gcc/arm-none-eabi/4.9.3/../../../../arm-none-eabi/lib/armv7e-m/fpu/libc.a(lib_a-memset.o)
                              /Applications/ti/ccsv6/tools/compiler/gcc-arm-none-eabi-4_9-2015q3/bin/../lib/gcc/arm-none-eabi/4.9.3/../../../../arm-none-eabi/lib/armv7e-m/fpu/crt0.o (memset)
/Applications/ti/ccsv6/tools/compiler/gcc-arm-none-eabi-4_9-2015q3/bin/../lib/gcc/arm-none-eabi/4.9.3/../../../../arm-none-eabi/lib/armv7e-m/fpu/libc.a(lib_a-__call_atexit.o)
                              /Applications/ti/ccsv6/tools/compiler/gcc-arm-none-eabi-4_9-2015q3/bin/../lib/gcc/arm-none-eabi/4.9.3/../../../../arm-none-eabi/lib/armv7e-m/fpu/libc.a(lib_a-exit.o) (__call_exitprocs)
/Applications/ti/ccsv6/tools/compiler/gcc-arm-none-eabi-4_9-2015q3/bin/../lib/gcc/arm-none-eabi/4.9.3/../../../../arm-none-eabi/lib/armv7e-m/fpu/libc.a(lib_a-atexit.o)
                              /Applications/ti/ccsv6/tools/compiler/gcc-arm-none-eabi-4_9-2015q3/bin/../lib/gcc/arm-none-eabi/4.9.3/../../../../arm-none-eabi/lib/armv7e-m/fpu/libc.a(lib_a-__call_atexit.o) (atexit)
/Applications/ti/ccsv6/tools/compiler/gcc-arm-none-eabi-4_9-2015q3/bin/../lib/gcc/arm-none-eabi/4.9.3/../../../../arm-none-eabi/lib/armv7e-m/fpu/libc.a(lib_a-fini.o)
                              /Applications/ti/ccsv6/tools/compiler/gcc-arm-none-eabi-4_9-2015q3/bin/../lib/gcc/arm-none-eabi/4.9.3/../../../../arm-none-eabi/lib/armv7e-m/fpu/libc.a(lib_a-__call_atexit.o) (__libc_fini_array)
/Applications/ti/ccsv6/tools/compiler/gcc-arm-none-eabi-4_9-2015q3/bin/../lib/gcc/arm-none-eabi/4.9.3/../../../../arm-none-eabi/lib/armv7e-m/fpu/libc.a(lib_a-__atexit.o)
                              /Applications/ti/ccsv6/tools/compiler/gcc-arm-none-eabi-4_9-2015q3/bin/../lib/gcc/arm-none-eabi/4.9.3/../../../../arm-none-eabi/lib/armv7e-m/fpu/libc.a(lib_a-atexit.o) (__register_exitproc)
/Applications/ti/ccsv6/tools/compiler/gcc-arm-none-eabi-4_9-2015q3/bin/../lib/gcc/arm-none-eabi/4.9.3/../../../../arm-none-eabi/lib/armv7e-m/fpu/libnosys.a(_exit.o)
                              /Applications/ti/ccsv6/tools/compiler/gcc-arm-none-eabi-4_9-2015q3/bin/../lib/gcc/arm-none-eabi/4.9.3/../../../../arm-none-eabi/lib/armv7e-m/fpu/libc.a(lib_a-exit.o) (_exit)

Allocating common symbols
Common symbol       size              file

ssi2_status         0x1               ./hal/SPID.o
UDMA_ssi2_app_rx_data
                    0x40              ./main.o
udma_control_structure
                    0x400             ./hal/uDMA.o

Memory Configuration

Name             Origin             Length             Attributes
FLASH            0x0000000000000000 0x0000000000040000 xr
SRAM             0x0000000020000000 0x0000000000008000 xw
*default*        0x0000000000000000 0xffffffffffffffff

Linker script and memory map

LOAD /Applications/ti/ccsv6/tools/compiler/gcc-arm-none-eabi-4_9-2015q3/bin/../lib/gcc/arm-none-eabi/4.9.3/armv7e-m/fpu/crti.o
LOAD /Applications/ti/ccsv6/tools/compiler/gcc-arm-none-eabi-4_9-2015q3/bin/../lib/gcc/arm-none-eabi/4.9.3/armv7e-m/fpu/crtbegin.o
LOAD /Applications/ti/ccsv6/tools/compiler/gcc-arm-none-eabi-4_9-2015q3/bin/../lib/gcc/arm-none-eabi/4.9.3/../../../../arm-none-eabi/lib/armv7e-m/fpu/crt0.o
LOAD ./main.o
LOAD ./tm4c123gh6pm_startup_ccs_gcc.o
LOAD ./ERRH/ERRH.o
LOAD ./cmsis/cmsis_nvic.o
LOAD ./cmsis/system_LM4F.o
LOAD ./hal/SPID.o
LOAD ./hal/TIMD.o
LOAD ./hal/uDMA.o
                0x0000000000000000                PROVIDE (_intvecs_base_address, 0x0)

.intvecs        0x0000000000000000      0x26c
 *(.intvecs)
 .intvecs       0x0000000000000000      0x26c ./tm4c123gh6pm_startup_ccs_gcc.o
                0x0000000000000000                g_pfnVectors
                0x0000000020000000                PROVIDE (_vtable_base_address, 0x20000000)

.vtable
 *(.vtable)

.text           0x000000000000026c      0xe40
 CREATE_OBJECT_SYMBOLS
 *(.text)
 .text          0x000000000000026c        0x0 /Applications/ti/ccsv6/tools/compiler/gcc-arm-none-eabi-4_9-2015q3/bin/../lib/gcc/arm-none-eabi/4.9.3/armv7e-m/fpu/crti.o
 .text          0x000000000000026c       0x5c /Applications/ti/ccsv6/tools/compiler/gcc-arm-none-eabi-4_9-2015q3/bin/../lib/gcc/arm-none-eabi/4.9.3/armv7e-m/fpu/crtbegin.o
 .text          0x00000000000002c8       0x74 /Applications/ti/ccsv6/tools/compiler/gcc-arm-none-eabi-4_9-2015q3/bin/../lib/gcc/arm-none-eabi/4.9.3/../../../../arm-none-eabi/lib/armv7e-m/fpu/crt0.o
                0x00000000000002c8                _mainCRTStartup
                0x00000000000002c8                _start
 .text          0x000000000000033c        0x0 ./main.o
 .text          0x000000000000033c        0x0 ./tm4c123gh6pm_startup_ccs_gcc.o
 .text          0x000000000000033c        0x0 ./ERRH/ERRH.o
 .text          0x000000000000033c        0x0 ./cmsis/cmsis_nvic.o
 .text          0x000000000000033c        0x0 ./cmsis/system_LM4F.o
 .text          0x000000000000033c        0x0 ./hal/SPID.o
 .text          0x000000000000033c        0x0 ./hal/TIMD.o
 .text          0x000000000000033c        0x0 ./hal/uDMA.o
 .text          0x000000000000033c        0x0 /Applications/ti/ccsv6/tools/compiler/gcc-arm-none-eabi-4_9-2015q3/bin/../lib/gcc/arm-none-eabi/4.9.3/../../../../arm-none-eabi/lib/armv7e-m/fpu/libc.a(lib_a-exit.o)
 .text          0x000000000000033c        0x0 /Applications/ti/ccsv6/tools/compiler/gcc-arm-none-eabi-4_9-2015q3/bin/../lib/gcc/arm-none-eabi/4.9.3/../../../../arm-none-eabi/lib/armv7e-m/fpu/libc.a(lib_a-impure.o)
 .text          0x000000000000033c        0x0 /Applications/ti/ccsv6/tools/compiler/gcc-arm-none-eabi-4_9-2015q3/bin/../lib/gcc/arm-none-eabi/4.9.3/../../../../arm-none-eabi/lib/armv7e-m/fpu/libc.a(lib_a-init.o)
 .text          0x000000000000033c        0x0 /Applications/ti/ccsv6/tools/compiler/gcc-arm-none-eabi-4_9-2015q3/bin/../lib/gcc/arm-none-eabi/4.9.3/../../../../arm-none-eabi/lib/armv7e-m/fpu/libc.a(lib_a-memset.o)
 .text          0x000000000000033c        0x0 /Applications/ti/ccsv6/tools/compiler/gcc-arm-none-eabi-4_9-2015q3/bin/../lib/gcc/arm-none-eabi/4.9.3/../../../../arm-none-eabi/lib/armv7e-m/fpu/libc.a(lib_a-__call_atexit.o)
 .text          0x000000000000033c        0x0 /Applications/ti/ccsv6/tools/compiler/gcc-arm-none-eabi-4_9-2015q3/bin/../lib/gcc/arm-none-eabi/4.9.3/../../../../arm-none-eabi/lib/armv7e-m/fpu/libc.a(lib_a-atexit.o)
 .text          0x000000000000033c        0x0 /Applications/ti/ccsv6/tools/compiler/gcc-arm-none-eabi-4_9-2015q3/bin/../lib/gcc/arm-none-eabi/4.9.3/../../../../arm-none-eabi/lib/armv7e-m/fpu/libc.a(lib_a-fini.o)
 .text          0x000000000000033c        0x0 /Applications/ti/ccsv6/tools/compiler/gcc-arm-none-eabi-4_9-2015q3/bin/../lib/gcc/arm-none-eabi/4.9.3/../../../../arm-none-eabi/lib/armv7e-m/fpu/libc.a(lib_a-__atexit.o)
 .text          0x000000000000033c        0x0 /Applications/ti/ccsv6/tools/compiler/gcc-arm-none-eabi-4_9-2015q3/bin/../lib/gcc/arm-none-eabi/4.9.3/../../../../arm-none-eabi/lib/armv7e-m/fpu/libnosys.a(_exit.o)
 .text          0x000000000000033c        0x0 /Applications/ti/ccsv6/tools/compiler/gcc-arm-none-eabi-4_9-2015q3/bin/../lib/gcc/arm-none-eabi/4.9.3/armv7e-m/fpu/crtend.o
 .text          0x000000000000033c        0x0 /Applications/ti/ccsv6/tools/compiler/gcc-arm-none-eabi-4_9-2015q3/bin/../lib/gcc/arm-none-eabi/4.9.3/armv7e-m/fpu/crtn.o
 *(.text.*)
 .text.main     0x000000000000033c       0x48 ./main.o
                0x000000000000033c                main
 .text.ResetISR
                0x0000000000000384       0x68 ./tm4c123gh6pm_startup_ccs_gcc.o
                0x0000000000000384                ResetISR
 .text.NmiSR    0x00000000000003ec        0x8 ./tm4c123gh6pm_startup_ccs_gcc.o
 .text.FaultISR
                0x00000000000003f4        0x8 ./tm4c123gh6pm_startup_ccs_gcc.o
 .text.IntDefaultHandler
                0x00000000000003fc        0x8 ./tm4c123gh6pm_startup_ccs_gcc.o
 .text.NVIC_SetVector
                0x0000000000000404       0x70 ./cmsis/cmsis_nvic.o
                0x0000000000000404                NVIC_SetVector
 .text.NVIC_GetVector
                0x0000000000000474       0x30 ./cmsis/cmsis_nvic.o
                0x0000000000000474                NVIC_GetVector
 .text.getOscClk
                0x00000000000004a4      0x198 ./cmsis/system_LM4F.o
 .text.SystemCoreClockUpdate
                0x000000000000063c      0x114 ./cmsis/system_LM4F.o
                0x000000000000063c                SystemCoreClockUpdate
 .text.SystemInit
                0x0000000000000750       0xb8 ./cmsis/system_LM4F.o
                0x0000000000000750                SystemInit
 .text.SSI2Init
                0x0000000000000808       0x90 ./hal/SPID.o
 .text.SPID_Init
                0x0000000000000898       0xb0 ./hal/SPID.o
                0x0000000000000898                SPID_Init
 .text.SPID_Enable
                0x0000000000000948       0x40 ./hal/SPID.o
                0x0000000000000948                SPID_Enable
 .text.SPID_Disable
                0x0000000000000988       0x40 ./hal/SPID.o
                0x0000000000000988                SPID_Disable
 .text.SPID_GetEnabledSPI
                0x00000000000009c8       0x18 ./hal/SPID.o
                0x00000000000009c8                SPID_GetEnabledSPI
 .text.SPID_SSI2SendData
                0x00000000000009e0       0x3c ./hal/SPID.o
                0x00000000000009e0                SPID_SSI2SendData
 .text.SPID_SSI2ReceiveData
                0x0000000000000a1c       0x30 ./hal/SPID.o
                0x0000000000000a1c                SPID_SSI2ReceiveData
 .text.SPID_GetSSI2Status
                0x0000000000000a4c       0x84 ./hal/SPID.o
                0x0000000000000a4c                SPID_GetSSI2Status
 .text.SSI2DMAConfiguration
                0x0000000000000ad0       0xcc ./hal/uDMA.o
 .text.CfgDMAChSrcAdd
                0x0000000000000b9c       0x38 ./hal/uDMA.o
 .text.CfgDMAChDesAdd
                0x0000000000000bd4       0x3c ./hal/uDMA.o
 .text.CfgDMAChContrWrd
                0x0000000000000c10       0x3c ./hal/uDMA.o
 .text.UDMA_Init
                0x0000000000000c4c        0xc ./hal/uDMA.o
                0x0000000000000c4c                UDMA_Init
 .text.UDMA_SetChSwRqt
                0x0000000000000c58       0x24 ./hal/uDMA.o
                0x0000000000000c58                UDMA_SetChSwRqt
 .text.UDMA_GetStatus
                0x0000000000000c7c       0xa4 ./hal/uDMA.o
                0x0000000000000c7c                UDMA_GetStatus
 .text.UDMA_GetWaitOnRqtStatus
                0x0000000000000d20       0x18 ./hal/uDMA.o
                0x0000000000000d20                UDMA_GetWaitOnRqtStatus
 .text.UDMA_SetSSI2TxData
                0x0000000000000d38       0x40 ./hal/uDMA.o
                0x0000000000000d38                UDMA_SetSSI2TxData
 .text.UDMA_UpdateSSI2RxData
                0x0000000000000d78       0x3c ./hal/uDMA.o
                0x0000000000000d78                UDMA_UpdateSSI2RxData
 .text.exit     0x0000000000000db4       0x20 /Applications/ti/ccsv6/tools/compiler/gcc-arm-none-eabi-4_9-2015q3/bin/../lib/gcc/arm-none-eabi/4.9.3/../../../../arm-none-eabi/lib/armv7e-m/fpu/libc.a(lib_a-exit.o)
                0x0000000000000db4                exit
 .text.__libc_init_array
                0x0000000000000dd4       0x50 /Applications/ti/ccsv6/tools/compiler/gcc-arm-none-eabi-4_9-2015q3/bin/../lib/gcc/arm-none-eabi/4.9.3/../../../../arm-none-eabi/lib/armv7e-m/fpu/libc.a(lib_a-init.o)
                0x0000000000000dd4                __libc_init_array
 .text.memset   0x0000000000000e24       0x9c /Applications/ti/ccsv6/tools/compiler/gcc-arm-none-eabi-4_9-2015q3/bin/../lib/gcc/arm-none-eabi/4.9.3/../../../../arm-none-eabi/lib/armv7e-m/fpu/libc.a(lib_a-memset.o)
                0x0000000000000e24                memset
 .text.startup.register_fini
                0x0000000000000ec0       0x14 /Applications/ti/ccsv6/tools/compiler/gcc-arm-none-eabi-4_9-2015q3/bin/../lib/gcc/arm-none-eabi/4.9.3/../../../../arm-none-eabi/lib/armv7e-m/fpu/libc.a(lib_a-__call_atexit.o)
 .text.__call_exitprocs
                0x0000000000000ed4       0xd4 /Applications/ti/ccsv6/tools/compiler/gcc-arm-none-eabi-4_9-2015q3/bin/../lib/gcc/arm-none-eabi/4.9.3/../../../../arm-none-eabi/lib/armv7e-m/fpu/libc.a(lib_a-__call_atexit.o)
                0x0000000000000ed4                __call_exitprocs
 .text.atexit   0x0000000000000fa8        0xc /Applications/ti/ccsv6/tools/compiler/gcc-arm-none-eabi-4_9-2015q3/bin/../lib/gcc/arm-none-eabi/4.9.3/../../../../arm-none-eabi/lib/armv7e-m/fpu/libc.a(lib_a-atexit.o)
                0x0000000000000fa8                atexit
 .text.__libc_fini_array
                0x0000000000000fb4       0x2c /Applications/ti/ccsv6/tools/compiler/gcc-arm-none-eabi-4_9-2015q3/bin/../lib/gcc/arm-none-eabi/4.9.3/../../../../arm-none-eabi/lib/armv7e-m/fpu/libc.a(lib_a-fini.o)
                0x0000000000000fb4                __libc_fini_array
 .text.__register_exitproc
                0x0000000000000fe0       0xa4 /Applications/ti/ccsv6/tools/compiler/gcc-arm-none-eabi-4_9-2015q3/bin/../lib/gcc/arm-none-eabi/4.9.3/../../../../arm-none-eabi/lib/armv7e-m/fpu/libc.a(lib_a-__atexit.o)
                0x0000000000000fe0                __register_exitproc
 .text._exit    0x0000000000001084        0x4 /Applications/ti/ccsv6/tools/compiler/gcc-arm-none-eabi-4_9-2015q3/bin/../lib/gcc/arm-none-eabi/4.9.3/../../../../arm-none-eabi/lib/armv7e-m/fpu/libnosys.a(_exit.o)
                0x0000000000001084                _exit
                0x0000000000001088                . = ALIGN (0x4)
 *(.ctors)
                0x0000000000001088                . = ALIGN (0x4)
 *(.dtors)
                0x0000000000001088                . = ALIGN (0x4)
                0x0000000000001088                __init_array_start = .
 *(.init_array*)
 .init_array    0x0000000000001088        0x4 /Applications/ti/ccsv6/tools/compiler/gcc-arm-none-eabi-4_9-2015q3/bin/../lib/gcc/arm-none-eabi/4.9.3/armv7e-m/fpu/crtbegin.o
 .init_array.00000
                0x000000000000108c        0x4 /Applications/ti/ccsv6/tools/compiler/gcc-arm-none-eabi-4_9-2015q3/bin/../lib/gcc/arm-none-eabi/4.9.3/../../../../arm-none-eabi/lib/armv7e-m/fpu/libc.a(lib_a-__call_atexit.o)
                0x0000000000001090                __init_array_end = .
 *(.init)
 .init          0x0000000000001090        0x4 /Applications/ti/ccsv6/tools/compiler/gcc-arm-none-eabi-4_9-2015q3/bin/../lib/gcc/arm-none-eabi/4.9.3/armv7e-m/fpu/crti.o
                0x0000000000001090                _init
 .init          0x0000000000001094        0x8 /Applications/ti/ccsv6/tools/compiler/gcc-arm-none-eabi-4_9-2015q3/bin/../lib/gcc/arm-none-eabi/4.9.3/armv7e-m/fpu/crtn.o
 *(.fini*)
 .fini          0x000000000000109c        0x4 /Applications/ti/ccsv6/tools/compiler/gcc-arm-none-eabi-4_9-2015q3/bin/../lib/gcc/arm-none-eabi/4.9.3/armv7e-m/fpu/crti.o
                0x000000000000109c                _fini
 .fini_array    0x00000000000010a0        0x4 /Applications/ti/ccsv6/tools/compiler/gcc-arm-none-eabi-4_9-2015q3/bin/../lib/gcc/arm-none-eabi/4.9.3/armv7e-m/fpu/crtbegin.o
 .fini          0x00000000000010a4        0x8 /Applications/ti/ccsv6/tools/compiler/gcc-arm-none-eabi-4_9-2015q3/bin/../lib/gcc/arm-none-eabi/4.9.3/armv7e-m/fpu/crtn.o
                0x00000000000010ac                PROVIDE (__etext, .)
                0x00000000000010ac                PROVIDE (_etext, .)
                0x00000000000010ac                PROVIDE (etext, .)

.glue_7         0x00000000000010ac        0x0
 .glue_7        0x0000000000000000        0x0 linker stubs

.glue_7t        0x00000000000010ac        0x0
 .glue_7t       0x0000000000000000        0x0 linker stubs

.vfp11_veneer   0x00000000000010ac        0x0
 .vfp11_veneer  0x0000000000000000        0x0 linker stubs

.v4_bx          0x00000000000010ac        0x0
 .v4_bx         0x0000000000000000        0x0 linker stubs

.iplt           0x00000000000010ac        0x0
 .iplt          0x0000000000000000        0x0 /Applications/ti/ccsv6/tools/compiler/gcc-arm-none-eabi-4_9-2015q3/bin/../lib/gcc/arm-none-eabi/4.9.3/armv7e-m/fpu/crtbegin.o

.rodata         0x00000000000010ac        0x8
 *(.rodata)
 *(.rodata*)
 .rodata.str1.4
                0x00000000000010ac        0x4 /Applications/ti/ccsv6/tools/compiler/gcc-arm-none-eabi-4_9-2015q3/bin/../lib/gcc/arm-none-eabi/4.9.3/../../../../arm-none-eabi/lib/armv7e-m/fpu/libc.a(lib_a-impure.o)
                                          0x2 (size before relaxing)
 .rodata._global_impure_ptr
                0x00000000000010b0        0x4 /Applications/ti/ccsv6/tools/compiler/gcc-arm-none-eabi-4_9-2015q3/bin/../lib/gcc/arm-none-eabi/4.9.3/../../../../arm-none-eabi/lib/armv7e-m/fpu/libc.a(lib_a-impure.o)
                0x00000000000010b0                _global_impure_ptr

.eh_frame       0x00000000000010b4        0x4
 .eh_frame      0x00000000000010b4        0x0 /Applications/ti/ccsv6/tools/compiler/gcc-arm-none-eabi-4_9-2015q3/bin/../lib/gcc/arm-none-eabi/4.9.3/armv7e-m/fpu/crtbegin.o
 .eh_frame      0x00000000000010b4        0x4 /Applications/ti/ccsv6/tools/compiler/gcc-arm-none-eabi-4_9-2015q3/bin/../lib/gcc/arm-none-eabi/4.9.3/armv7e-m/fpu/crtend.o

.data           0x0000000020000000      0x43c load address 0x00000000000010b8
                0x00000000000010b8                __data_load__ = LOADADDR (.data)
                0x0000000020000000                __data_start__ = .
 *(.data)
 .data          0x0000000020000000        0x0 /Applications/ti/ccsv6/tools/compiler/gcc-arm-none-eabi-4_9-2015q3/bin/../lib/gcc/arm-none-eabi/4.9.3/armv7e-m/fpu/crti.o
 .data          0x0000000020000000        0x4 /Applications/ti/ccsv6/tools/compiler/gcc-arm-none-eabi-4_9-2015q3/bin/../lib/gcc/arm-none-eabi/4.9.3/armv7e-m/fpu/crtbegin.o
                0x0000000020000000                __dso_handle
 .data          0x0000000020000004        0x0 /Applications/ti/ccsv6/tools/compiler/gcc-arm-none-eabi-4_9-2015q3/bin/../lib/gcc/arm-none-eabi/4.9.3/../../../../arm-none-eabi/lib/armv7e-m/fpu/crt0.o
 .data          0x0000000020000004        0x0 ./main.o
 .data          0x0000000020000004        0x0 ./tm4c123gh6pm_startup_ccs_gcc.o
 .data          0x0000000020000004        0x0 ./ERRH/ERRH.o
 .data          0x0000000020000004        0x0 ./cmsis/cmsis_nvic.o
 .data          0x0000000020000004        0x0 ./cmsis/system_LM4F.o
 .data          0x0000000020000004        0x0 ./hal/SPID.o
 .data          0x0000000020000004        0x0 ./hal/TIMD.o
 .data          0x0000000020000004        0x0 ./hal/uDMA.o
 .data          0x0000000020000004        0x0 /Applications/ti/ccsv6/tools/compiler/gcc-arm-none-eabi-4_9-2015q3/bin/../lib/gcc/arm-none-eabi/4.9.3/../../../../arm-none-eabi/lib/armv7e-m/fpu/libc.a(lib_a-exit.o)
 .data          0x0000000020000004        0x0 /Applications/ti/ccsv6/tools/compiler/gcc-arm-none-eabi-4_9-2015q3/bin/../lib/gcc/arm-none-eabi/4.9.3/../../../../arm-none-eabi/lib/armv7e-m/fpu/libc.a(lib_a-impure.o)
 .data          0x0000000020000004        0x0 /Applications/ti/ccsv6/tools/compiler/gcc-arm-none-eabi-4_9-2015q3/bin/../lib/gcc/arm-none-eabi/4.9.3/../../../../arm-none-eabi/lib/armv7e-m/fpu/libc.a(lib_a-init.o)
 .data          0x0000000020000004        0x0 /Applications/ti/ccsv6/tools/compiler/gcc-arm-none-eabi-4_9-2015q3/bin/../lib/gcc/arm-none-eabi/4.9.3/../../../../arm-none-eabi/lib/armv7e-m/fpu/libc.a(lib_a-memset.o)
 .data          0x0000000020000004        0x0 /Applications/ti/ccsv6/tools/compiler/gcc-arm-none-eabi-4_9-2015q3/bin/../lib/gcc/arm-none-eabi/4.9.3/../../../../arm-none-eabi/lib/armv7e-m/fpu/libc.a(lib_a-__call_atexit.o)
 .data          0x0000000020000004        0x0 /Applications/ti/ccsv6/tools/compiler/gcc-arm-none-eabi-4_9-2015q3/bin/../lib/gcc/arm-none-eabi/4.9.3/../../../../arm-none-eabi/lib/armv7e-m/fpu/libc.a(lib_a-atexit.o)
 .data          0x0000000020000004        0x0 /Applications/ti/ccsv6/tools/compiler/gcc-arm-none-eabi-4_9-2015q3/bin/../lib/gcc/arm-none-eabi/4.9.3/../../../../arm-none-eabi/lib/armv7e-m/fpu/libc.a(lib_a-fini.o)
 .data          0x0000000020000004        0x0 /Applications/ti/ccsv6/tools/compiler/gcc-arm-none-eabi-4_9-2015q3/bin/../lib/gcc/arm-none-eabi/4.9.3/../../../../arm-none-eabi/lib/armv7e-m/fpu/libc.a(lib_a-__atexit.o)
 .data          0x0000000020000004        0x0 /Applications/ti/ccsv6/tools/compiler/gcc-arm-none-eabi-4_9-2015q3/bin/../lib/gcc/arm-none-eabi/4.9.3/../../../../arm-none-eabi/lib/armv7e-m/fpu/libnosys.a(_exit.o)
 .data          0x0000000020000004        0x0 /Applications/ti/ccsv6/tools/compiler/gcc-arm-none-eabi-4_9-2015q3/bin/../lib/gcc/arm-none-eabi/4.9.3/armv7e-m/fpu/crtend.o
 .data          0x0000000020000004        0x0 /Applications/ti/ccsv6/tools/compiler/gcc-arm-none-eabi-4_9-2015q3/bin/../lib/gcc/arm-none-eabi/4.9.3/armv7e-m/fpu/crtn.o
 *(.data*)
 .data.SystemCoreClock
                0x0000000020000004        0x4 ./cmsis/system_LM4F.o
                0x0000000020000004                SystemCoreClock
 .data.first_entry.5709
                0x0000000020000008        0x1 ./hal/SPID.o
 *fill*         0x0000000020000009        0x7 
 .data.impure_data
                0x0000000020000010      0x428 /Applications/ti/ccsv6/tools/compiler/gcc-arm-none-eabi-4_9-2015q3/bin/../lib/gcc/arm-none-eabi/4.9.3/../../../../arm-none-eabi/lib/armv7e-m/fpu/libc.a(lib_a-impure.o)
 .data._impure_ptr
                0x0000000020000438        0x4 /Applications/ti/ccsv6/tools/compiler/gcc-arm-none-eabi-4_9-2015q3/bin/../lib/gcc/arm-none-eabi/4.9.3/../../../../arm-none-eabi/lib/armv7e-m/fpu/libc.a(lib_a-impure.o)
                0x0000000020000438                _impure_ptr
                0x000000002000043c                . = ALIGN (0x4)
                0x000000002000043c                __data_end__ = .

.jcr            0x000000002000043c        0x4 load address 0x00000000000014f4
 .jcr           0x000000002000043c        0x0 /Applications/ti/ccsv6/tools/compiler/gcc-arm-none-eabi-4_9-2015q3/bin/../lib/gcc/arm-none-eabi/4.9.3/armv7e-m/fpu/crtbegin.o
 .jcr           0x000000002000043c        0x4 /Applications/ti/ccsv6/tools/compiler/gcc-arm-none-eabi-4_9-2015q3/bin/../lib/gcc/arm-none-eabi/4.9.3/armv7e-m/fpu/crtend.o

.igot.plt       0x0000000020000440        0x0 load address 0x00000000000014f8
 .igot.plt      0x0000000000000000        0x0 /Applications/ti/ccsv6/tools/compiler/gcc-arm-none-eabi-4_9-2015q3/bin/../lib/gcc/arm-none-eabi/4.9.3/armv7e-m/fpu/crtbegin.o

.ARM.exidx      0x00000000000014f8        0x8
                0x00000000000014f8                __exidx_start = .
 *(.ARM.exidx* .gnu.linkonce.armexidx.*)
 .ARM.exidx     0x00000000000014f8        0x8 /Applications/ti/ccsv6/tools/compiler/gcc-arm-none-eabi-4_9-2015q3/bin/../lib/gcc/arm-none-eabi/4.9.3/../../../../arm-none-eabi/lib/armv7e-m/fpu/crt0.o
                0x0000000000001500                __exidx_end = .

.ARM.extab      0x0000000000001500        0x0
 *(.ARM.extab* .gnu.linkonce.armextab.*)
 .ARM.extab     0x0000000000001500        0x0 /Applications/ti/ccsv6/tools/compiler/gcc-arm-none-eabi-4_9-2015q3/bin/../lib/gcc/arm-none-eabi/4.9.3/../../../../arm-none-eabi/lib/armv7e-m/fpu/crt0.o

.rel.dyn        0x0000000000001500        0x0
 .rel.iplt      0x0000000000000000        0x0 /Applications/ti/ccsv6/tools/compiler/gcc-arm-none-eabi-4_9-2015q3/bin/../lib/gcc/arm-none-eabi/4.9.3/armv7e-m/fpu/crtbegin.o

.bss            0x0000000020000800      0x800
                0x0000000020000800                __bss_start__ = .
 *(.shbss)
 *(.bss)
 .bss           0x0000000020000800        0x0 /Applications/ti/ccsv6/tools/compiler/gcc-arm-none-eabi-4_9-2015q3/bin/../lib/gcc/arm-none-eabi/4.9.3/armv7e-m/fpu/crti.o
 .bss           0x0000000020000800       0x1c /Applications/ti/ccsv6/tools/compiler/gcc-arm-none-eabi-4_9-2015q3/bin/../lib/gcc/arm-none-eabi/4.9.3/armv7e-m/fpu/crtbegin.o
 .bss           0x000000002000081c        0x0 /Applications/ti/ccsv6/tools/compiler/gcc-arm-none-eabi-4_9-2015q3/bin/../lib/gcc/arm-none-eabi/4.9.3/../../../../arm-none-eabi/lib/armv7e-m/fpu/crt0.o
 .bss           0x000000002000081c        0x0 ./main.o
 .bss           0x000000002000081c        0x0 ./tm4c123gh6pm_startup_ccs_gcc.o
 .bss           0x000000002000081c        0x0 ./ERRH/ERRH.o
 .bss           0x000000002000081c        0x0 ./cmsis/cmsis_nvic.o
 .bss           0x000000002000081c        0x0 ./cmsis/system_LM4F.o
 .bss           0x000000002000081c        0x0 ./hal/SPID.o
 .bss           0x000000002000081c        0x0 ./hal/TIMD.o
 .bss           0x000000002000081c        0x0 ./hal/uDMA.o
 .bss           0x000000002000081c        0x0 /Applications/ti/ccsv6/tools/compiler/gcc-arm-none-eabi-4_9-2015q3/bin/../lib/gcc/arm-none-eabi/4.9.3/../../../../arm-none-eabi/lib/armv7e-m/fpu/libc.a(lib_a-exit.o)
 .bss           0x000000002000081c        0x0 /Applications/ti/ccsv6/tools/compiler/gcc-arm-none-eabi-4_9-2015q3/bin/../lib/gcc/arm-none-eabi/4.9.3/../../../../arm-none-eabi/lib/armv7e-m/fpu/libc.a(lib_a-impure.o)
 .bss           0x000000002000081c        0x0 /Applications/ti/ccsv6/tools/compiler/gcc-arm-none-eabi-4_9-2015q3/bin/../lib/gcc/arm-none-eabi/4.9.3/../../../../arm-none-eabi/lib/armv7e-m/fpu/libc.a(lib_a-init.o)
 .bss           0x000000002000081c        0x0 /Applications/ti/ccsv6/tools/compiler/gcc-arm-none-eabi-4_9-2015q3/bin/../lib/gcc/arm-none-eabi/4.9.3/../../../../arm-none-eabi/lib/armv7e-m/fpu/libc.a(lib_a-memset.o)
 .bss           0x000000002000081c        0x0 /Applications/ti/ccsv6/tools/compiler/gcc-arm-none-eabi-4_9-2015q3/bin/../lib/gcc/arm-none-eabi/4.9.3/../../../../arm-none-eabi/lib/armv7e-m/fpu/libc.a(lib_a-__call_atexit.o)
 .bss           0x000000002000081c        0x0 /Applications/ti/ccsv6/tools/compiler/gcc-arm-none-eabi-4_9-2015q3/bin/../lib/gcc/arm-none-eabi/4.9.3/../../../../arm-none-eabi/lib/armv7e-m/fpu/libc.a(lib_a-atexit.o)
 .bss           0x000000002000081c        0x0 /Applications/ti/ccsv6/tools/compiler/gcc-arm-none-eabi-4_9-2015q3/bin/../lib/gcc/arm-none-eabi/4.9.3/../../../../arm-none-eabi/lib/armv7e-m/fpu/libc.a(lib_a-fini.o)
 .bss           0x000000002000081c        0x0 /Applications/ti/ccsv6/tools/compiler/gcc-arm-none-eabi-4_9-2015q3/bin/../lib/gcc/arm-none-eabi/4.9.3/../../../../arm-none-eabi/lib/armv7e-m/fpu/libc.a(lib_a-__atexit.o)
 .bss           0x000000002000081c        0x0 /Applications/ti/ccsv6/tools/compiler/gcc-arm-none-eabi-4_9-2015q3/bin/../lib/gcc/arm-none-eabi/4.9.3/../../../../arm-none-eabi/lib/armv7e-m/fpu/libnosys.a(_exit.o)
 .bss           0x000000002000081c        0x0 /Applications/ti/ccsv6/tools/compiler/gcc-arm-none-eabi-4_9-2015q3/bin/../lib/gcc/arm-none-eabi/4.9.3/armv7e-m/fpu/crtend.o
 .bss           0x000000002000081c        0x0 /Applications/ti/ccsv6/tools/compiler/gcc-arm-none-eabi-4_9-2015q3/bin/../lib/gcc/arm-none-eabi/4.9.3/armv7e-m/fpu/crtn.o
 *(.bss.*)
 .bss.pui32Stack
                0x000000002000081c      0x200 ./tm4c123gh6pm_startup_ccs_gcc.o
 .bss.enabled_spi
                0x0000000020000a1c        0x1 ./hal/SPID.o
 *fill*         0x0000000020000a1d        0x3 
 .bss.udma_buffer_tx
                0x0000000020000a20       0x40 ./hal/uDMA.o
                0x0000000020000a20                udma_buffer_tx
 .bss.udma_buffer_rx
                0x0000000020000a60       0x40 ./hal/uDMA.o
                0x0000000020000a60                udma_buffer_rx
 *(COMMON)
 COMMON         0x0000000020000aa0       0x40 ./main.o
                0x0000000020000aa0                UDMA_ssi2_app_rx_data
 COMMON         0x0000000020000ae0        0x1 ./hal/SPID.o
                0x0000000020000ae0                ssi2_status
 *fill*         0x0000000020000ae1      0x11f 
 COMMON         0x0000000020000c00      0x400 ./hal/uDMA.o
                0x0000000020000c00                udma_control_structure
                0x0000000020001000                . = ALIGN (0x4)
                0x0000000020001000                __bss_end__ = .

.heap           0x0000000020001000        0x0
                0x0000000020001000                __heap_start__ = .
                0x0000000020001000                end = __heap_start__
                0x0000000020001000                _end = end
                0x0000000020001000                __end = end
 *(.heap)
                0x0000000020001000                __heap_end__ = .
                0x0000000020001000                __HeapLimit = __heap_end__

.stack          0x0000000020001000        0x0
                0x0000000020001000                _stack = .
                0x0000000020001000                __stack = .
 *(.stack)
START GROUP
LOAD /Applications/ti/ccsv6/tools/compiler/gcc-arm-none-eabi-4_9-2015q3/bin/../lib/gcc/arm-none-eabi/4.9.3/../../../../arm-none-eabi/lib/armv7e-m/fpu/libc.a
END GROUP
START GROUP
LOAD /Applications/ti/ccsv6/tools/compiler/gcc-arm-none-eabi-4_9-2015q3/bin/../lib/gcc/arm-none-eabi/4.9.3/armv7e-m/fpu/libgcc.a
LOAD /Applications/ti/ccsv6/tools/compiler/gcc-arm-none-eabi-4_9-2015q3/bin/../lib/gcc/arm-none-eabi/4.9.3/../../../../arm-none-eabi/lib/armv7e-m/fpu/libg.a
LOAD /Applications/ti/ccsv6/tools/compiler/gcc-arm-none-eabi-4_9-2015q3/bin/../lib/gcc/arm-none-eabi/4.9.3/../../../../arm-none-eabi/lib/armv7e-m/fpu/libc.a
END GROUP
START GROUP
LOAD /Applications/ti/ccsv6/tools/compiler/gcc-arm-none-eabi-4_9-2015q3/bin/../lib/gcc/arm-none-eabi/4.9.3/armv7e-m/fpu/libgcc.a
LOAD /Applications/ti/ccsv6/tools/compiler/gcc-arm-none-eabi-4_9-2015q3/bin/../lib/gcc/arm-none-eabi/4.9.3/../../../../arm-none-eabi/lib/armv7e-m/fpu/libc.a
LOAD /Applications/ti/ccsv6/tools/compiler/gcc-arm-none-eabi-4_9-2015q3/bin/../lib/gcc/arm-none-eabi/4.9.3/../../../../arm-none-eabi/lib/armv7e-m/fpu/libnosys.a
END GROUP
LOAD /Applications/ti/ccsv6/tools/compiler/gcc-arm-none-eabi-4_9-2015q3/bin/../lib/gcc/arm-none-eabi/4.9.3/armv7e-m/fpu/crtend.o
LOAD /Applications/ti/ccsv6/tools/compiler/gcc-arm-none-eabi-4_9-2015q3/bin/../lib/gcc/arm-none-eabi/4.9.3/armv7e-m/fpu/crtn.o
OUTPUT(CMSIS-SPI-uDMA-GCC-Tiva-C-TM4C123.out elf32-littlearm)

.ARM.attributes
                0x0000000000000000       0x30
 .ARM.attributes
                0x0000000000000000       0x22 /Applications/ti/ccsv6/tools/compiler/gcc-arm-none-eabi-4_9-2015q3/bin/../lib/gcc/arm-none-eabi/4.9.3/armv7e-m/fpu/crti.o
 .ARM.attributes
                0x0000000000000022       0x34 /Applications/ti/ccsv6/tools/compiler/gcc-arm-none-eabi-4_9-2015q3/bin/../lib/gcc/arm-none-eabi/4.9.3/armv7e-m/fpu/crtbegin.o
 .ARM.attributes
                0x0000000000000056       0x20 /Applications/ti/ccsv6/tools/compiler/gcc-arm-none-eabi-4_9-2015q3/bin/../lib/gcc/arm-none-eabi/4.9.3/../../../../arm-none-eabi/lib/armv7e-m/fpu/crt0.o
 .ARM.attributes
                0x0000000000000076       0x39 ./main.o
 .ARM.attributes
                0x00000000000000af       0x39 ./tm4c123gh6pm_startup_ccs_gcc.o
 .ARM.attributes
                0x00000000000000e8       0x39 ./ERRH/ERRH.o
 .ARM.attributes
                0x0000000000000121       0x39 ./cmsis/cmsis_nvic.o
 .ARM.attributes
                0x000000000000015a       0x39 ./cmsis/system_LM4F.o
 .ARM.attributes
                0x0000000000000193       0x39 ./hal/SPID.o
 .ARM.attributes
                0x00000000000001cc       0x39 ./hal/TIMD.o
 .ARM.attributes
                0x0000000000000205       0x39 ./hal/uDMA.o
 .ARM.attributes
                0x000000000000023e       0x34 /Applications/ti/ccsv6/tools/compiler/gcc-arm-none-eabi-4_9-2015q3/bin/../lib/gcc/arm-none-eabi/4.9.3/../../../../arm-none-eabi/lib/armv7e-m/fpu/libc.a(lib_a-exit.o)
 .ARM.attributes
                0x0000000000000272       0x34 /Applications/ti/ccsv6/tools/compiler/gcc-arm-none-eabi-4_9-2015q3/bin/../lib/gcc/arm-none-eabi/4.9.3/../../../../arm-none-eabi/lib/armv7e-m/fpu/libc.a(lib_a-impure.o)
 .ARM.attributes
                0x00000000000002a6       0x34 /Applications/ti/ccsv6/tools/compiler/gcc-arm-none-eabi-4_9-2015q3/bin/../lib/gcc/arm-none-eabi/4.9.3/../../../../arm-none-eabi/lib/armv7e-m/fpu/libc.a(lib_a-init.o)
 .ARM.attributes
                0x00000000000002da       0x34 /Applications/ti/ccsv6/tools/compiler/gcc-arm-none-eabi-4_9-2015q3/bin/../lib/gcc/arm-none-eabi/4.9.3/../../../../arm-none-eabi/lib/armv7e-m/fpu/libc.a(lib_a-memset.o)
 .ARM.attributes
                0x000000000000030e       0x34 /Applications/ti/ccsv6/tools/compiler/gcc-arm-none-eabi-4_9-2015q3/bin/../lib/gcc/arm-none-eabi/4.9.3/../../../../arm-none-eabi/lib/armv7e-m/fpu/libc.a(lib_a-__call_atexit.o)
 .ARM.attributes
                0x0000000000000342       0x34 /Applications/ti/ccsv6/tools/compiler/gcc-arm-none-eabi-4_9-2015q3/bin/../lib/gcc/arm-none-eabi/4.9.3/../../../../arm-none-eabi/lib/armv7e-m/fpu/libc.a(lib_a-atexit.o)
 .ARM.attributes
                0x0000000000000376       0x34 /Applications/ti/ccsv6/tools/compiler/gcc-arm-none-eabi-4_9-2015q3/bin/../lib/gcc/arm-none-eabi/4.9.3/../../../../arm-none-eabi/lib/armv7e-m/fpu/libc.a(lib_a-fini.o)
 .ARM.attributes
                0x00000000000003aa       0x34 /Applications/ti/ccsv6/tools/compiler/gcc-arm-none-eabi-4_9-2015q3/bin/../lib/gcc/arm-none-eabi/4.9.3/../../../../arm-none-eabi/lib/armv7e-m/fpu/libc.a(lib_a-__atexit.o)
 .ARM.attributes
                0x00000000000003de       0x34 /Applications/ti/ccsv6/tools/compiler/gcc-arm-none-eabi-4_9-2015q3/bin/../lib/gcc/arm-none-eabi/4.9.3/../../../../arm-none-eabi/lib/armv7e-m/fpu/libnosys.a(_exit.o)
 .ARM.attributes
                0x0000000000000412       0x34 /Applications/ti/ccsv6/tools/compiler/gcc-arm-none-eabi-4_9-2015q3/bin/../lib/gcc/arm-none-eabi/4.9.3/armv7e-m/fpu/crtend.o
 .ARM.attributes
                0x0000000000000446       0x22 /Applications/ti/ccsv6/tools/compiler/gcc-arm-none-eabi-4_9-2015q3/bin/../lib/gcc/arm-none-eabi/4.9.3/armv7e-m/fpu/crtn.o

.comment        0x0000000000000000       0x70
 .comment       0x0000000000000000       0x70 ./main.o
                                         0x71 (size before relaxing)
 .comment       0x0000000000000000       0x71 ./tm4c123gh6pm_startup_ccs_gcc.o
 .comment       0x0000000000000000       0x71 ./ERRH/ERRH.o
 .comment       0x0000000000000000       0x71 ./cmsis/cmsis_nvic.o
 .comment       0x0000000000000000       0x71 ./cmsis/system_LM4F.o
 .comment       0x0000000000000000       0x71 ./hal/SPID.o
 .comment       0x0000000000000000       0x71 ./hal/TIMD.o
 .comment       0x0000000000000000       0x71 ./hal/uDMA.o

.debug_info     0x0000000000000000     0x3a14
 .debug_info    0x0000000000000000      0x120 ./main.o
 .debug_info    0x0000000000000120      0x175 ./tm4c123gh6pm_startup_ccs_gcc.o
 .debug_info    0x0000000000000295       0x64 ./ERRH/ERRH.o
 .debug_info    0x00000000000002f9      0x4ef ./cmsis/cmsis_nvic.o
 .debug_info    0x00000000000007e8      0xd77 ./cmsis/system_LM4F.o
 .debug_info    0x000000000000155f     0x11b9 ./hal/SPID.o
 .debug_info    0x0000000000002718       0x94 ./hal/TIMD.o
 .debug_info    0x00000000000027ac     0x1268 ./hal/uDMA.o

.debug_abbrev   0x0000000000000000      0x81c
 .debug_abbrev  0x0000000000000000       0xb0 ./main.o
 .debug_abbrev  0x00000000000000b0       0xca ./tm4c123gh6pm_startup_ccs_gcc.o
 .debug_abbrev  0x000000000000017a       0x26 ./ERRH/ERRH.o
 .debug_abbrev  0x00000000000001a0      0x125 ./cmsis/cmsis_nvic.o
 .debug_abbrev  0x00000000000002c5      0x12a ./cmsis/system_LM4F.o
 .debug_abbrev  0x00000000000003ef      0x206 ./hal/SPID.o
 .debug_abbrev  0x00000000000005f5       0x4b ./hal/TIMD.o
 .debug_abbrev  0x0000000000000640      0x1dc ./hal/uDMA.o

.debug_aranges  0x0000000000000000      0x1a0
 .debug_aranges
                0x0000000000000000       0x20 ./main.o
 .debug_aranges
                0x0000000000000020       0x38 ./tm4c123gh6pm_startup_ccs_gcc.o
 .debug_aranges
                0x0000000000000058       0x18 ./ERRH/ERRH.o
 .debug_aranges
                0x0000000000000070       0x28 ./cmsis/cmsis_nvic.o
 .debug_aranges
                0x0000000000000098       0x30 ./cmsis/system_LM4F.o
 .debug_aranges
                0x00000000000000c8       0x58 ./hal/SPID.o
 .debug_aranges
                0x0000000000000120       0x18 ./hal/TIMD.o
 .debug_aranges
                0x0000000000000138       0x68 ./hal/uDMA.o

.debug_ranges   0x0000000000000000      0x110
 .debug_ranges  0x0000000000000000       0x10 ./main.o
 .debug_ranges  0x0000000000000010       0x28 ./tm4c123gh6pm_startup_ccs_gcc.o
 .debug_ranges  0x0000000000000038       0x18 ./cmsis/cmsis_nvic.o
 .debug_ranges  0x0000000000000050       0x20 ./cmsis/system_LM4F.o
 .debug_ranges  0x0000000000000070       0x48 ./hal/SPID.o
 .debug_ranges  0x00000000000000b8       0x58 ./hal/uDMA.o

.debug_line     0x0000000000000000      0xb85
 .debug_line    0x0000000000000000      0x158 ./main.o
 .debug_line    0x0000000000000158      0x16e ./tm4c123gh6pm_startup_ccs_gcc.o
 .debug_line    0x00000000000002c6       0x1d ./ERRH/ERRH.o
 .debug_line    0x00000000000002e3      0x162 ./cmsis/cmsis_nvic.o
 .debug_line    0x0000000000000445      0x1d5 ./cmsis/system_LM4F.o
 .debug_line    0x000000000000061a      0x216 ./hal/SPID.o
 .debug_line    0x0000000000000830      0x11a ./hal/TIMD.o
 .debug_line    0x000000000000094a      0x23b ./hal/uDMA.o

.debug_str      0x0000000000000000     0x1238
 .debug_str     0x0000000000000000      0x1ed ./main.o
                                        0x23c (size before relaxing)
 .debug_str     0x00000000000001ed       0xac ./tm4c123gh6pm_startup_ccs_gcc.o
                                        0x277 (size before relaxing)
 .debug_str     0x0000000000000299        0xf ./ERRH/ERRH.o
                                        0x1c8 (size before relaxing)
 .debug_str     0x00000000000002a8      0x3d8 ./cmsis/cmsis_nvic.o
                                        0x67e (size before relaxing)
 .debug_str     0x0000000000000680      0x627 ./cmsis/system_LM4F.o
                                        0x826 (size before relaxing)
 .debug_str     0x0000000000000ca7      0x1db ./hal/SPID.o
                                        0x9df (size before relaxing)
 .debug_str     0x0000000000000e82        0xe ./hal/TIMD.o
                                        0x1ef (size before relaxing)
 .debug_str     0x0000000000000e90      0x3a8 ./hal/uDMA.o
                                        0xbc6 (size before relaxing)

.debug_frame    0x0000000000000000      0x5d4
 .debug_frame   0x0000000000000000       0x30 ./main.o
 .debug_frame   0x0000000000000030       0x7c ./tm4c123gh6pm_startup_ccs_gcc.o
 .debug_frame   0x00000000000000ac       0x60 ./cmsis/cmsis_nvic.o
 .debug_frame   0x000000000000010c       0x84 ./cmsis/system_LM4F.o
 .debug_frame   0x0000000000000190      0x13c ./hal/SPID.o
 .debug_frame   0x00000000000002cc      0x188 ./hal/uDMA.o
 .debug_frame   0x0000000000000454       0x28 /Applications/ti/ccsv6/tools/compiler/gcc-arm-none-eabi-4_9-2015q3/bin/../lib/gcc/arm-none-eabi/4.9.3/../../../../arm-none-eabi/lib/armv7e-m/fpu/libc.a(lib_a-exit.o)
 .debug_frame   0x000000000000047c       0x2c /Applications/ti/ccsv6/tools/compiler/gcc-arm-none-eabi-4_9-2015q3/bin/../lib/gcc/arm-none-eabi/4.9.3/../../../../arm-none-eabi/lib/armv7e-m/fpu/libc.a(lib_a-init.o)
 .debug_frame   0x00000000000004a8       0x34 /Applications/ti/ccsv6/tools/compiler/gcc-arm-none-eabi-4_9-2015q3/bin/../lib/gcc/arm-none-eabi/4.9.3/../../../../arm-none-eabi/lib/armv7e-m/fpu/libc.a(lib_a-memset.o)
 .debug_frame   0x00000000000004dc       0x50 /Applications/ti/ccsv6/tools/compiler/gcc-arm-none-eabi-4_9-2015q3/bin/../lib/gcc/arm-none-eabi/4.9.3/../../../../arm-none-eabi/lib/armv7e-m/fpu/libc.a(lib_a-__call_atexit.o)
 .debug_frame   0x000000000000052c       0x20 /Applications/ti/ccsv6/tools/compiler/gcc-arm-none-eabi-4_9-2015q3/bin/../lib/gcc/arm-none-eabi/4.9.3/../../../../arm-none-eabi/lib/armv7e-m/fpu/libc.a(lib_a-atexit.o)
 .debug_frame   0x000000000000054c       0x34 /Applications/ti/ccsv6/tools/compiler/gcc-arm-none-eabi-4_9-2015q3/bin/../lib/gcc/arm-none-eabi/4.9.3/../../../../arm-none-eabi/lib/armv7e-m/fpu/libc.a(lib_a-fini.o)
 .debug_frame   0x0000000000000580       0x34 /Applications/ti/ccsv6/tools/compiler/gcc-arm-none-eabi-4_9-2015q3/bin/../lib/gcc/arm-none-eabi/4.9.3/../../../../arm-none-eabi/lib/armv7e-m/fpu/libc.a(lib_a-__atexit.o)
 .debug_frame   0x00000000000005b4       0x20 /Applications/ti/ccsv6/tools/compiler/gcc-arm-none-eabi-4_9-2015q3/bin/../lib/gcc/arm-none-eabi/4.9.3/../../../../arm-none-eabi/lib/armv7e-m/fpu/libnosys.a(_exit.o)
